Component: ARM Compiler 5.06 update 5 (build 528) Tool: armlink [4d35e2]

==============================================================================

Section Cross References

    main.o(.text) refers to _printf_pad.o(.text) for _printf_pre_padding
    main.o(.text) refers to _printf_percent.o(.ARM.Collect$$_printf_percent$$00000000) for _printf_percent
    main.o(.text) refers to _printf_x.o(.ARM.Collect$$_printf_percent$$0000000C) for _printf_x
    main.o(.text) refers to _printf_hex_int.o(.text) for _printf_longlong_hex
    main.o(.text) refers to _printf_d.o(.ARM.Collect$$_printf_percent$$00000009) for _printf_d
    main.o(.text) refers to _printf_dec.o(.text) for _printf_int_dec
    main.o(.text) refers to delay.o(.text) for delay_init
    main.o(.text) refers to usart.o(.text) for uart_init
    main.o(.text) refers to led.o(.text) for LED_Init
    main.o(.text) refers to lcd.o(.text) for LCD_Init
    main.o(.text) refers to key.o(.text) for KEY_Init
    main.o(.text) refers to noretval__2sprintf.o(.text) for __2sprintf
    main.o(.text) refers to misc.o(.text) for NVIC_PriorityGroupConfig
    main.o(.text) refers to timer.o(.text) for TIM3_Int_Init
    main.o(.text) refers to noretval__2printf.o(.text) for __2printf
    main.o(.text) refers to timer.o(.data) for Global_press_time
    main.o(.text) refers to main.o(.data) for step
    main.o(.text) refers to lcd.o(.data) for POINT_COLOR
    main.o(.text) refers to lcd.o(.bss) for lcddev
    system_stm32f10x.o(.text) refers to system_stm32f10x.o(.data) for SystemCoreClock
    led.o(.text) refers to stm32f10x_rcc.o(.text) for RCC_APB2PeriphClockCmd
    led.o(.text) refers to stm32f10x_gpio.o(.text) for GPIO_Init
    lcd.o(.text) refers to _printf_percent.o(.ARM.Collect$$_printf_percent$$00000000) for _printf_percent
    lcd.o(.text) refers to _printf_x.o(.ARM.Collect$$_printf_percent$$0000000C) for _printf_x
    lcd.o(.text) refers to _printf_hex_int.o(.text) for _printf_longlong_hex
    lcd.o(.text) refers to delay.o(.text) for delay_us
    lcd.o(.text) refers to lcd.o(.bss) for lcddev
    lcd.o(.text) refers to dflt_clz.o(x$fpl$dfltu) for __aeabi_ui2d
    lcd.o(.text) refers to dmul.o(x$fpl$dmul) for __aeabi_dmul
    lcd.o(.text) refers to dfixu.o(x$fpl$dfixu) for __aeabi_d2uiz
    lcd.o(.text) refers to lcd.o(.data) for POINT_COLOR
    lcd.o(.text) refers to stm32f10x_rcc.o(.text) for RCC_APB2PeriphClockCmd
    lcd.o(.text) refers to stm32f10x_gpio.o(.text) for GPIO_PinRemapConfig
    lcd.o(.text) refers to noretval__2printf.o(.text) for __2printf
    lcd.o(.text) refers to lcd.o(.constdata) for asc2_1206
    key.o(.text) refers to stm32f10x_rcc.o(.text) for RCC_APB2PeriphClockCmd
    key.o(.text) refers to stm32f10x_gpio.o(.text) for GPIO_PinRemapConfig
    key.o(.text) refers to delay.o(.text) for delay_ms
    key.o(.text) refers to key.o(.data) for key_up
    timer.o(.text) refers to _printf_percent.o(.ARM.Collect$$_printf_percent$$00000000) for _printf_percent
    timer.o(.text) refers to _printf_d.o(.ARM.Collect$$_printf_percent$$00000009) for _printf_d
    timer.o(.text) refers to _printf_dec.o(.text) for _printf_int_dec
    timer.o(.text) refers to stm32f10x_rcc.o(.text) for RCC_APB1PeriphClockCmd
    timer.o(.text) refers to stm32f10x_tim.o(.text) for TIM_TimeBaseInit
    timer.o(.text) refers to misc.o(.text) for NVIC_Init
    timer.o(.text) refers to key.o(.text) for KEY_Scan
    timer.o(.text) refers to noretval__2printf.o(.text) for __2printf
    timer.o(.text) refers to timer.o(.data) for count
    timer.o(.text) refers to dflt_clz.o(x$fpl$dflt) for __aeabi_i2d
    timer.o(.text) refers to dfix.o(x$fpl$dfix) for __aeabi_d2iz
    timer.o(.text) refers to dmul.o(x$fpl$dmul) for __aeabi_dmul
    timer.o(.text) refers to sin.o(i.sin) for sin
    exti.o(.text) refers to stm32f10x_rcc.o(.text) for RCC_APB2PeriphClockCmd
    exti.o(.text) refers to key.o(.text) for KEY_Init
    exti.o(.text) refers to stm32f10x_gpio.o(.text) for GPIO_EXTILineConfig
    exti.o(.text) refers to stm32f10x_exti.o(.text) for EXTI_Init
    exti.o(.text) refers to misc.o(.text) for NVIC_Init
    exti.o(.text) refers to delay.o(.text) for delay_ms
    dac.o(.text) refers to stm32f10x_rcc.o(.text) for RCC_APB2PeriphClockCmd
    dac.o(.text) refers to stm32f10x_gpio.o(.text) for GPIO_Init
    dac.o(.text) refers to stm32f10x_dac.o(.text) for DAC_Init
    dac.o(.text) refers to fflt_clz.o(x$fpl$ffltu) for __aeabi_ui2f
    dac.o(.text) refers to fdiv.o(x$fpl$fdiv) for __aeabi_fdiv
    dac.o(.text) refers to fmul.o(x$fpl$fmul) for __aeabi_fmul
    dac.o(.text) refers to f2d.o(x$fpl$f2d) for __aeabi_f2d
    dac.o(.text) refers to ddiv.o(x$fpl$ddiv) for __aeabi_ddiv
    dac.o(.text) refers to d2f.o(x$fpl$d2f) for __aeabi_d2f
    dac.o(.text) refers to ffixu.o(x$fpl$ffixu) for __aeabi_f2uiz
    adc.o(.text) refers to stm32f10x_rcc.o(.text) for RCC_APB2PeriphClockCmd
    adc.o(.text) refers to stm32f10x_gpio.o(.text) for GPIO_Init
[...]
    ../fplib/dfix.s                          0x00000000   Number         0  dfix.o ABSOLUTE
    ../fplib/dfixu.s                         0x00000000   Number         0  dfixu.o ABSOLUTE
    ../fplib/dflt.s                          0x00000000   Number         0  dflt_clz.o ABSOLUTE
    ../fplib/dmul.s                          0x00000000   Number         0  dmul.o ABSOLUTE
    ../fplib/dnaninf.s                       0x00000000   Number         0  dnaninf.o ABSOLUTE
    ../fplib/dretinf.s                       0x00000000   Number         0  dretinf.o ABSOLUTE
    ../fplib/f2d.s                           0x00000000   Number         0  f2d.o ABSOLUTE
    ../fplib/fdiv.s                          0x00000000   Number         0  fdiv.o ABSOLUTE
    ../fplib/ffixu.s                         0x00000000   Number         0  ffixu.o ABSOLUTE
    ../fplib/fflt.s                          0x00000000   Number         0  fflt_clz.o ABSOLUTE
    ../fplib/fmul.s                          0x00000000   Number         0  fmul.o ABSOLUTE
    ../fplib/fnaninf.s                       0x00000000   Number         0  fnaninf.o ABSOLUTE
    ../fplib/fpinit.s                        0x00000000   Number         0  fpinit.o ABSOLUTE
    ../fplib/fretinf.s                       0x00000000   Number         0  fretinf.o ABSOLUTE
    ../fplib/retnan.s                        0x00000000   Number         0  retnan.o ABSOLUTE
    ../fplib/scalbn.s                        0x00000000   Number         0  scalbn.o ABSOLUTE
    ../fplib/trapv.s                         0x00000000   Number         0  trapv.o ABSOLUTE
    ../fplib/usenofp.s                       0x00000000   Number         0  usenofp.o ABSOLUTE
    ../mathlib/cos_i.c                       0x00000000   Number         0  cos_i.o ABSOLUTE
    ../mathlib/dunder.c                      0x00000000   Number         0  dunder.o ABSOLUTE
    ../mathlib/fpclassify.c                  0x00000000   Number         0  fpclassify.o ABSOLUTE
    ../mathlib/poly.c                        0x00000000   Number         0  poly.o ABSOLUTE
    ../mathlib/rred.c                        0x00000000   Number         0  rred.o ABSOLUTE
    ../mathlib/sin.c                         0x00000000   Number         0  sin.o ABSOLUTE
    ../mathlib/sin.c                         0x00000000   Number         0  sin_x.o ABSOLUTE
    ../mathlib/sin_i.c                       0x00000000   Number         0  sin_i.o ABSOLUTE
    ../mathlib/sin_i.c                       0x00000000   Number         0  sin_i_x.o ABSOLUTE
    ..\CORE\core_cm3.c                       0x00000000   Number         0  core_cm3.o ABSOLUTE
    ..\CORE\startup_stm32f10x_hd.s           0x00000000   Number         0  startup_stm32f10x_hd.o ABSOLUTE
    ..\HARDWARE\ADC\adc.c                    0x00000000   Number         0  adc.o ABSOLUTE
    ..\HARDWARE\DAC\dac.c                    0x00000000   Number         0  dac.o ABSOLUTE
    ..\HARDWARE\EXTI\exti.c                  0x00000000   Number         0  exti.o ABSOLUTE
    ..\HARDWARE\KEY\key.c                    0x00000000   Number         0  key.o ABSOLUTE
    ..\HARDWARE\LCD\lcd.c                    0x00000000   Number         0  lcd.o ABSOLUTE
    ..\HARDWARE\LED\led.c                    0x00000000   Number         0  led.o ABSOLUTE
    ..\HARDWARE\TIMER\timer.c                0x00000000   Number         0  timer.o ABSOLUTE
    ..\STM32F10x_FWLib\src\misc.c            0x00000000   Number         0  misc.o ABSOLUTE
    ..\STM32F10x_FWLib\src\stm32f10x_adc.c   0x00000000   Number         0  stm32f10x_adc.o ABSOLUTE
    ..\STM32F10x_FWLib\src\stm32f10x_dac.c   0x00000000   Number         0  stm32f10x_dac.o ABSOLUTE
    ..\STM32F10x_FWLib\src\stm32f10x_dma.c   0x00000000   Number         0  stm32f10x_dma.o ABSOLUTE
    ..\STM32F10x_FWLib\src\stm32f10x_exti.c  0x00000000   Number         0  stm32f10x_exti.o ABSOLUTE
    ..\STM32F10x_FWLib\src\stm32f10x_gpio.c  0x00000000   Number         0  stm32f10x_gpio.o ABSOLUTE
    ..\STM32F10x_FWLib\src\stm32f10x_rcc.c   0x00000000   Number         0  stm32f10x_rcc.o ABSOLUTE
    ..\STM32F10x_FWLib\src\stm32f10x_tim.c   0x00000000   Number         0  stm32f10x_tim.o ABSOLUTE
    ..\STM32F10x_FWLib\src\stm32f10x_usart.c 0x00000000   Number         0  stm32f10x_usart.o ABSOLUTE
    ..\SYSTEM\delay\delay.c                  0x00000000   Number         0  delay.o ABSOLUTE
    ..\SYSTEM\sys\sys.c                      0x00000000   Number         0  sys.o ABSOLUTE
    ..\SYSTEM\usart\usart.c                  0x00000000   Number         0  usart.o ABSOLUTE
    ..\\CORE\\core_cm3.c                     0x00000000   Number         0  core_cm3.o ABSOLUTE
    ..\\SYSTEM\\sys\\sys.c                   0x00000000   Number         0  sys.o ABSOLUTE
    dc.s                                     0x00000000   Number         0  dc.o ABSOLUTE
    main.c                                   0x00000000   Number         0  main.o ABSOLUTE
    stm32f10x_it.c                           0x00000000   Number         0  stm32f10x_it.o ABSOLUTE
    system_stm32f10x.c                       0x00000000   Number         0  system_stm32f10x.o ABSOLUTE
    RESET                                    0x08000000   Section      304  startup_stm32f10x_hd.o(RESET)
    !!!main                                  0x08000130   Section        8  __main.o(!!!main)
    !!!scatter                               0x08000138   Section       52  __scatter.o(!!!scatter)
    !!handler_copy                           0x0800016c   Section       26  __scatter_copy.o(!!handler_copy)
    !!handler_zi                             0x08000188   Section       28  __scatter_zi.o(!!handler_zi)
    .ARM.Collect$$_printf_percent$$00000000  0x080001a4   Section        0  _printf_percent.o(.ARM.Collect$$_printf_percent$$00000000)
    .ARM.Collect$$_printf_percent$$00000009  0x080001a4   Section        6  _printf_d.o(.ARM.Collect$$_printf_percent$$00000009)
    .ARM.Collect$$_printf_percent$$0000000C  0x080001aa   Section        6  _printf_x.o(.ARM.Collect$$_printf_percent$$0000000C)
    .ARM.Collect$$_printf_percent$$00000017  0x080001b0   Section        4  _printf_percent_end.o(.ARM.Collect$$_printf_percent$$00000017)
    .ARM.Collect$$libinit$$00000000          0x080001b4   Section        2  libinit.o(.ARM.Collect$$libinit$$00000000)
    .ARM.Collect$$libinit$$00000002          0x080001b6   Section        0  libinit2.o(.ARM.Collect$$libinit$$00000002)
    .ARM.Collect$$libinit$$00000004          0x080001b6   Section        0  libinit2.o(.ARM.Collect$$libinit$$00000004)
    .ARM.Collect$$libinit$$0000000A          0x080001b6   Section        0  libinit2.o(.ARM.Collect$$libinit$$0000000A)
    .ARM.Collect$$libinit$$0000000C          0x080001b6   Section        0  libinit2.o(.ARM.Collect$$libinit$$0000000C)
    .ARM.Collect$$libinit$$0000000E          0x080001b6   Section        0  libinit2.o(.ARM.Collect$$libinit$$0000000E)
    .ARM.Collect$$libinit$$00000011          0x080001b6   Section        0  libinit2.o(.ARM.Collect$$libinit$$00000011)
    .ARM.Collect$$libinit$$00000013          0x080001b6   Section        0  libinit2.o(.ARM.Collect$$libinit$$00000013)
    .ARM.Collect$$libinit$$00000015          0x080001b6   Section        0  libinit2.o(.ARM.Collect$$libinit$$00000015)
    .ARM.Collect$$libinit$$00000017          0x080001b6   Section        0  libinit2.o(.ARM.Collect$$libinit$$00000017)
    .ARM.Collect$$libinit$$00000019          0x080001b6   Section        0  libinit2.o(.ARM.Collect$$libinit$$00000019)
    .ARM.Collect$$libinit$$0000001B          0x080001b6   Section        0  libinit2.o(.ARM.Collect$$libinit$$0000001B)
    .ARM.Collect$$libinit$$0000001D          0x080001b6   Section        0  libinit2.o(.ARM.Collect$$libinit$$0000001D)
    .ARM.Collect$$libinit$$0000001F          0x080001b6   Section        0  libinit2.o(.ARM.Collect$$libinit$$0000001F)
    .ARM.Collect$$libinit$$00000021          0x080001b6   Section        0  libinit2.o(.ARM.Collect$$libinit$$00000021)
    .ARM.Collect$$libinit$$00000023          0x080001b6   Section        0  libinit2.o(.ARM.Collect$$libinit$$00000023)
    .ARM.Collect$$libinit$$00000025          0x080001b6   Section        0  libinit2.o(.ARM.Collect$$libinit$$00000025)
    .ARM.Collect$$libinit$$0000002C          0x080001b6   Section        0  libinit2.o(.ARM.Collect$$libinit$$0000002C)
    .ARM.Collect$$libinit$$0000002E          0x080001b6   Section        0  libinit2.o(.ARM.Collect$$libinit$$0000002E)
    .ARM.Collect$$libinit$$00000030          0x080001b6   Section        0  libinit2.o(.ARM.Collect$$libinit$$00000030)
    .ARM.Collect$$libinit$$00000032          0x080001b6   Section        0  libinit2.o(.ARM.Collect$$libinit$$00000032)
    .ARM.Collect$$libinit$$00000033          0x080001b6   Section        2  libinit2.o(.ARM.Collect$$libinit$$00000033)
    .ARM.Collect$$libshutdown$$00000000      0x080001b8   Section        2  libshutdown.o(.ARM.Collect$$libshutdown$$00000000)
    .ARM.Collect$$libshutdown$$00000002      0x080001ba   Section        0  libshutdown2.o(.ARM.Collect$$libshutdown$$00000002)
    .ARM.Collect$$libshutdown$$00000004      0x080001ba   Section        0  libshutdown2.o(.ARM.Collect$$libshutdown$$00000004)
    .ARM.Collect$$libshutdown$$00000007      0x080001ba   Section        0  libshutdown2.o(.ARM.Collect$$libshutdown$$00000007)
    .ARM.Collect$$libshutdown$$0000000A      0x080001ba   Section        0  libshutdown2.o(.ARM.Collect$$libshutdown$$0000000A)
    .ARM.Collect$$libshutdown$$0000000C      0x080001ba   Section        0  libshutdown2.o(.ARM.Collect$$libshutdown$$0000000C)
    .ARM.Collect$$libshutdown$$0000000F      0x080001ba   Section        0  libshutdown2.o(.ARM.Collect$$libshutdown$$0000000F)
    .ARM.Collect$$libshutdown$$00000010      0x080001ba   Section        2  libshutdown2.o(.ARM.Collect$$libshutdown$$00000010)
    .ARM.Collect$$rtentry$$00000000          0x080001bc   Section        0  __rtentry.o(.ARM.Collect$$rtentry$$00000000)
    .ARM.Collect$$rtentry$$00000002          0x080001bc   Section        0  __rtentry2.o(.ARM.Collect$$rtentry$$00000002)
    .ARM.Collect$$rtentry$$00000004          0x080001bc   Section        6  __rtentry4.o(.ARM.Collect$$rtentry$$00000004)
    .ARM.Collect$$rtentry$$00000009          0x080001c2   Section        0  __rtentry2.o(.ARM.Collect$$rtentry$$00000009)
    .ARM.Collect$$rtentry$$0000000A          0x080001c2   Section        4  __rtentry2.o(.ARM.Collect$$rtentry$$0000000A)
    .ARM.Collect$$rtentry$$0000000C          0x080001c6   Section        0  __rtentry2.o(.ARM.Collect$$rtentry$$0000000C)
    .ARM.Collect$$rtentry$$0000000D          0x080001c6   Section        8  __rtentry2.o(.ARM.Collect$$rtentry$$0000000D)
    .ARM.Collect$$rtexit$$00000000           0x080001ce   Section        2  rtexit.o(.ARM.Collect$$rtexit$$00000000)
    .ARM.Collect$$rtexit$$00000002           0x080001d0   Section        0  rtexit2.o(.ARM.Collect$$rtexit$$00000002)
    .ARM.Collect$$rtexit$$00000003           0x080001d0   Section        4  rtexit2.o(.ARM.Collect$$rtexit$$00000003)
    .ARM.Collect$$rtexit$$00000004           0x080001d4   Section        6  rtexit2.o(.ARM.Collect$$rtexit$$00000004)
    .text                                    0x080001dc   Section        0  main.o(.text)
    .text                                    0x08000364   Section        0  stm32f10x_it.o(.text)
    .text                                    0x08000380   Section        0  system_stm32f10x.o(.text)
    SetSysClockTo72                          0x08000381   Thumb Code   214  system_stm32f10x.o(.text)
    SetSysClock                              0x08000457   Thumb Code     8  system_stm32f10x.o(.text)
    .text                                    0x08000560   Section        0  led.o(.text)
    .text                                    0x080005b0   Section        0  lcd.o(.text)
    .text                                    0x08005df8   Section        0  key.o(.text)
    .text                                    0x08005ef4   Section        0  timer.o(.text)
    .text                                    0x08006584   Section        0  exti.o(.text)
    .text                                    0x08006704   Section        0  delay.o(.text)
    .text                                    0x080067d8   Section        0  usart.o(.text)
    .text                                    0x08006918   Section       64  startup_stm32f10x_hd.o(.text)
    .text                                    0x08006958   Section        0  stm32f10x_gpio.o(.text)
    .text                                    0x08006cb4   Section        0  stm32f10x_rcc.o(.text)
    .text                                    0x08007058   Section        0  stm32f10x_usart.o(.text)
    .text                                    0x08007460   Section        0  misc.o(.text)
    .text                                    0x0800753c   Section        0  stm32f10x_exti.o(.text)
    .text                                    0x08007658   Section        0  stm32f10x_tim.o(.text)
    TI4_Config                               0x08007aff   Thumb Code   130  stm32f10x_tim.o(.text)
    TI3_Config                               0x08007b93   Thumb Code   122  stm32f10x_tim.o(.text)
    TI2_Config                               0x08007c27   Thumb Code   130  stm32f10x_tim.o(.text)
    TI1_Config                               0x08007cbb   Thumb Code   108  stm32f10x_tim.o(.text)
    .text                                    0x08008472   Section        2  use_no_semi_2.o(.text)
    .text                                    0x08008474   Section        0  noretval__2printf.o(.text)
    .text                                    0x0800848c   Section        0  noretval__2sprintf.o(.text)
    .text                                    0x080084b4   Section        0  _printf_pad.o(.text)
    .text                                    0x08008504   Section        0  _printf_dec.o(.text)
    .text                                    0x0800857c   Section        0  _printf_hex_int.o(.text)
    .text                                    0x080085d4   Section        0  __printf_flags_wp.o(.text)
    .text                                    0x0800870c   Section        0  heapauxi.o(.text)
    .text                                    0x08008712   Section        2  use_no_semi.o(.text)
    .text                                    0x08008714   Section        0  _rserrno.o(.text)
    .text                                    0x0800872a   Section        0  _printf_intcommon.o(.text)
    .text                                    0x080087dc   Section        0  _printf_char_common.o(.text)
    _printf_input_char                       0x080087dd   Thumb Code    10  _printf_char_common.o(.text)
    .text                                    0x0800880c   Section        0  _sputc.o(.text)
    .text                                    0x08008818   Section        0  _printf_char_file.o(.text)
    .text                                    0x0800883c   Section        8  rt_errno_addr_intlibspace.o(.text)
    .text                                    0x08008844   Section        0  ferror.o(.text)
    .text                                    0x0800884c   Section        8  libspace.o(.text)
    .text                                    0x08008854   Section       74  sys_stackheap_outer.o(.text)
    .text                                    0x0800889e   Section        0  exit.o(.text)
    i.__ARM_fpclassify                       0x080088b0   Section        0  fpclassify.o(i.__ARM_fpclassify)
    i.__ieee754_rem_pio2                     0x080088d8   Section        0  rred.o(i.__ieee754_rem_pio2)
    i.__kernel_cos                           0x08008c60   Section        0  cos_i.o(i.__kernel_cos)
    i.__kernel_poly                          0x08008d5c   Section        0  poly.o(i.__kernel_poly)
    i.__kernel_sin                           0x08008e08   Section        0  sin_i.o(i.__kernel_sin)
    i.__mathlib_dbl_infnan                   0x08008ef4   Section        0  dunder.o(i.__mathlib_dbl_infnan)
    i.__mathlib_dbl_invalid                  0x08008efa   Section        0  dunder.o(i.__mathlib_dbl_invalid)
    i.__mathlib_dbl_underflow                0x08008f08   Section        0  dunder.o(i.__mathlib_dbl_underflow)
    i._is_digit                              0x08008f18   Section        0  __printf_wp.o(i._is_digit)
    i.sin                                    0x08008f28   Section        0  sin.o(i.sin)
    x$fpl$dadd                               0x08008fc8   Section      336  daddsub_clz.o(x$fpl$dadd)
    _dadd1                                   0x08008fd9   Thumb Code     0  daddsub_clz.o(x$fpl$dadd)
    x$fpl$dcheck1                            0x08009118   Section       16  dcheck1.o(x$fpl$dcheck1)
    x$fpl$ddiv                               0x08009128   Section      688  ddiv.o(x$fpl$ddiv)
    ddiv_entry                               0x0800912f   Thumb Code     0  ddiv.o(x$fpl$ddiv)
    x$fpl$dfix                               0x080093d8   Section       94  dfix.o(x$fpl$dfix)
    x$fpl$dfixu                              0x08009438   Section       90  dfixu.o(x$fpl$dfixu)
    x$fpl$dflt                               0x08009492   Section       46  dflt_clz.o(x$fpl$dflt)
    x$fpl$dfltu                              0x080094c0   Section       38  dflt_clz.o(x$fpl$dfltu)
    x$fpl$dmul                               0x080094e8   Section      340  dmul.o(x$fpl$dmul)
    x$fpl$dnaninf                            0x0800963c   Section      156  dnaninf.o(x$fpl$dnaninf)
    x$fpl$dretinf                            0x080096d8   Section       12  dretinf.o(x$fpl$dretinf)
    x$fpl$drsb                               0x080096e4   Section       22  daddsub_clz.o(x$fpl$drsb)
    x$fpl$dsub                               0x080096fc   Section      468  daddsub_clz.o(x$fpl$dsub)
    _dsub1                                   0x0800970d   Thumb Code     0  daddsub_clz.o(x$fpl$dsub)
    x$fpl$retnan                             0x080098d0   Section      100  retnan.o(x$fpl$retnan)
    x$fpl$scalbn                             0x08009934   Section       92  scalbn.o(x$fpl$scalbn)
    x$fpl$trapveneer                         0x08009990   Section       48  trapv.o(x$fpl$trapveneer)
    .constdata                               0x080099c0   Section     6080  lcd.o(.constdata)
    x$fpl$usenofp                            0x080099c0   Section        0  usenofp.o(x$fpl$usenofp)
    .constdata                               0x0800b180   Section       40  _printf_hex_int.o(.constdata)
    uc_hextab                                0x0800b180   Data          20  _printf_hex_int.o(.constdata)
    lc_hextab                                0x0800b194   Data          20  _printf_hex_int.o(.constdata)
    .constdata                               0x0800b1a8   Section       17  __printf_flags_wp.o(.constdata)
    maptable                                 0x0800b1a8   Data          17  __printf_flags_wp.o(.constdata)
    .constdata                               0x0800b1c0   Section       48  cos_i.o(.constdata)
    C                                        0x0800b1c0   Data          48  cos_i.o(.constdata)
    .constdata                               0x0800b1f0   Section      200  rred.o(.constdata)
    pio2s                                    0x0800b1f0   Data          48  rred.o(.constdata)
    twooverpi                                0x0800b220   Data         152  rred.o(.constdata)
    .constdata                               0x0800b2b8   Section       40  sin_i.o(.constdata)
    S                                        0x0800b2b8   Data          40  sin_i.o(.constdata)
    .data                                    0x20000000   Section        4  main.o(.data)
    .data                                    0x20000004   Section       20  system_stm32f10x.o(.data)
    .data                                    0x20000018   Section        4  lcd.o(.data)
    .data                                    0x2000001c   Section        1  key.o(.data)
    key_up                                   0x2000001c   Data           1  key.o(.data)
    .data                                    0x20000020   Section       52  timer.o(.data)
    .data                                    0x20000054   Section        4  delay.o(.data)
    fac_us                                   0x20000054   Data           1  delay.o(.data)
    fac_ms                                   0x20000056   Data           2  delay.o(.data)
    .data                                    0x20000058   Section        6  usart.o(.data)
    .data                                    0x2000005e   Section       20  stm32f10x_rcc.o(.data)
    APBAHBPrescTable                         0x2000005e   Data          16  stm32f10x_rcc.o(.data)
    ADCPrescTable                            0x2000006e   Data           4  stm32f10x_rcc.o(.data)
    .bss                                     0x20000074   Section       14  lcd.o(.bss)
    .bss                                     0x20000082   Section      200  usart.o(.bss)
    .bss                                     0x2000014c   Section       96  libspace.o(.bss)
    HEAP                                     0x200001b0   Section      512  startup_stm32f10x_hd.o(HEAP)
    Heap_Mem                                 0x200001b0   Data         512  startup_stm32f10x_hd.o(HEAP)
    STACK                                    0x200003b0   Section     1024  startup_stm32f10x_hd.o(STACK)
    Stack_Mem                                0x200003b0   Data        1024  startup_stm32f10x_hd.o(STACK)
    __initial_sp                             0x200007b0   Data           0  startup_stm32f10x_hd.o(STACK)

    Global Symbols

    Symbol Name                              Value     Ov Type        Size  Object(Section)

    BuildAttributes$$THM_ISAv4$P$D$K$B$S$PE$A:L22UL41UL21$X:L11$S22US41US21$IEEE1$IW$USESV6$~STKCKD$USESV7$~SHL$OTIME$ROPI$IEEEX$EBA8$UX$STANDARDLIB$REQ8$PRES8$EABIv2 0x00000000   Number         0  anon$$obj.o ABSOLUTE
    __ARM_use_no_argv                        0x00000000   Number         0  main.o ABSOLUTE
    _printf_flags                            0x00000000   Number         0  printf_stubs.o ABSOLUTE
    _printf_return_value                     0x00000000   Number         0  printf_stubs.o ABSOLUTE
    _printf_sizespec                         0x00000000   Number         0  printf_stubs.o ABSOLUTE
    _printf_widthprec                        0x00000000   Number         0  printf_stubs.o ABSOLUTE
    __ARM_exceptions_init                     - Undefined Weak Reference
    __alloca_initialize                       - Undefined Weak Reference
    __arm_preinit_                            - Undefined Weak Reference
    __cpp_initialize__aeabi_                  - Undefined Weak Reference
    __cxa_finalize                            - Undefined Weak Reference
    __rt_locale                               - Undefined Weak Reference
    __sigvec_lookup                           - Undefined Weak Reference
    _atexit_init                              - Undefined Weak Reference
    _call_atexit_fns                          - Undefined Weak Reference
    _clock_init                               - Undefined Weak Reference
    _fp_trap_init                             - Undefined Weak Reference
    _fp_trap_shutdown                         - Undefined Weak Reference
    _get_lc_collate                           - Undefined Weak Reference
    _get_lc_ctype                             - Undefined Weak Reference
    _get_lc_monetary                          - Undefined Weak Reference
    _get_lc_numeric                           - Undefined Weak Reference
    _get_lc_time                              - Undefined Weak Reference
    _getenv_init                              - Undefined Weak Reference
    _handle_redirection                       - Undefined Weak Reference
    _init_alloc                               - Undefined Weak Reference
    _init_user_alloc                          - Undefined Weak Reference
    _initio                                   - Undefined Weak Reference
    _mutex_acquire                            - Undefined Weak Reference
    _mutex_release                            - Undefined Weak Reference
    _printf_truncate_signed                   - Undefined Weak Reference
    _printf_truncate_unsigned                 - Undefined Weak Reference
    _rand_init                                - Undefined Weak Reference
    _signal_finish                            - Undefined Weak Reference
    _signal_init                              - Undefined Weak Reference
    _terminate_alloc                          - Undefined Weak Reference
    _terminate_user_alloc                     - Undefined Weak Reference
    _terminateio                              - Undefined Weak Reference
    __Vectors_Size                           0x00000130   Number         0  startup_stm32f10x_hd.o ABSOLUTE
    __Vectors                                0x08000000   Data           4  startup_stm32f10x_hd.o(RESET)
    __Vectors_End                            0x08000130   Data           0  startup_stm32f10x_hd.o(RESET)
    __main                                   0x08000131   Thumb Code     8  __main.o(!!!main)
    __scatterload                            0x08000139   Thumb Code     0  __scatter.o(!!!scatter)
    __scatterload_rt2                        0x08000139   Thumb Code    44  __scatter.o(!!!scatter)
    __scatterload_rt2_thumb_only             0x08000139   Thumb Code     0  __scatter.o(!!!scatter)
    __scatterload_null                       0x08000147   Thumb Code     0  __scatter.o(!!!scatter)
    __scatterload_copy                       0x0800016d   Thumb Code    26  __scatter_copy.o(!!handler_copy)
    __scatterload_zeroinit                   0x08000189   Thumb Code    28  __scatter_zi.o(!!handler_zi)
    _printf_d                                0x080001a5   Thumb Code     0  _printf_d.o(.ARM.Collect$$_printf_percent$$00000009)
    _printf_percent                          0x080001a5   Thumb Code     0  _printf_percent.o(.ARM.Collect$$_printf_percent$$00000000)
    _printf_x                                0x080001ab   Thumb Code     0  _printf_x.o(.ARM.Collect$$_printf_percent$$0000000C)
    _printf_percent_end                      0x080001b1   Thumb Code     0  _printf_percent_end.o(.ARM.Collect$$_printf_percent$$00000017)
    __rt_lib_init                            0x080001b5   Thumb Code     0  libinit.o(.ARM.Collect$$libinit$$00000000)
    __rt_lib_init_alloca_1                   0x080001b7   Thumb Code     0  libinit2.o(.ARM.Collect$$libinit$$0000002E)
    __rt_lib_init_argv_1                     0x080001b7   Thumb Code     0  libinit2.o(.ARM.Collect$$libinit$$0000002C)
    __rt_lib_init_atexit_1                   0x080001b7   Thumb Code     0  libinit2.o(.ARM.Collect$$libinit$$0000001B)
    __rt_lib_init_clock_1                    0x080001b7   Thumb Code     0  libinit2.o(.ARM.Collect$$libinit$$00000021)
    __rt_lib_init_cpp_1                      0x080001b7   Thumb Code     0  libinit2.o(.ARM.Collect$$libinit$$00000032)
    __rt_lib_init_exceptions_1               0x080001b7   Thumb Code     0  libinit2.o(.ARM.Collect$$libinit$$00000030)
    __rt_lib_init_fp_1                       0x080001b7   Thumb Code     0  libinit2.o(.ARM.Collect$$libinit$$00000002)
    __rt_lib_init_fp_trap_1                  0x080001b7   Thumb Code     0  libinit2.o(.ARM.Collect$$libinit$$0000001F)
    __rt_lib_init_getenv_1                   0x080001b7   Thumb Code     0  libinit2.o(.ARM.Collect$$libinit$$00000023)
    __rt_lib_init_heap_1                     0x080001b7   Thumb Code     0  libinit2.o(.ARM.Collect$$libinit$$0000000A)
    __rt_lib_init_lc_collate_1               0x080001b7   Thumb Code     0  libinit2.o(.ARM.Collect$$libinit$$00000011)
    __rt_lib_init_lc_ctype_1                 0x080001b7   Thumb Code     0  libinit2.o(.ARM.Collect$$libinit$$00000013)
    __rt_lib_init_lc_monetary_1              0x080001b7   Thumb Code     0  libinit2.o(.ARM.Collect$$libinit$$00000015)
    __rt_lib_init_lc_numeric_1               0x080001b7   Thumb Code     0  libinit2.o(.ARM.Collect$$libinit$$00000017)
    __rt_lib_init_lc_time_1                  0x080001b7   Thumb Code     0  libinit2.o(.ARM.Collect$$libinit$$00000019)
    __rt_lib_init_preinit_1                  0x080001b7   Thumb Code     0  libinit2.o(.ARM.Collect$$libinit$$00000004)
    __rt_lib_init_rand_1                     0x080001b7   Thumb Code     0  libinit2.o(.ARM.Collect$$libinit$$0000000E)
    __rt_lib_init_return                     0x080001b7   Thumb Code     0  libinit2.o(.ARM.Collect$$libinit$$00000033)
    __rt_lib_init_signal_1                   0x080001b7   Thumb Code     0  libinit2.o(.ARM.Collect$$libinit$$0000001D)
    __rt_lib_init_stdio_1                    0x080001b7   Thumb Code     0  libinit2.o(.ARM.Collect$$libinit$$00000025)
    __rt_lib_init_user_alloc_1               0x080001b7   Thumb Code     0  libinit2.o(.ARM.Collect$$libinit$$0000000C)
    __rt_lib_shutdown                        0x080001b9   Thumb Code     0  libshutdown.o(.ARM.Collect$$libshutdown$$00000000)
    __rt_lib_shutdown_cpp_1                  0x080001bb   Thumb Code     0  libshutdown2.o(.ARM.Collect$$libshutdown$$00000002)
    __rt_lib_shutdown_fp_trap_1              0x080001bb   Thumb Code     0  libshutdown2.o(.ARM.Collect$$libshutdown$$00000007)
    __rt_lib_shutdown_heap_1                 0x080001bb   Thumb Code     0  libshutdown2.o(.ARM.Collect$$libshutdown$$0000000F)
    __rt_lib_shutdown_return                 0x080001bb   Thumb Code     0  libshutdown2.o(.ARM.Collect$$libshutdown$$00000010)
    __rt_lib_shutdown_signal_1               0x080001bb   Thumb Code     0  libshutdown2.o(.ARM.Collect$$libshutdown$$0000000A)
    __rt_lib_shutdown_stdio_1                0x080001bb   Thumb Code     0  libshutdown2.o(.ARM.Collect$$libshutdown$$00000004)
    __rt_lib_shutdown_user_alloc_1           0x080001bb   Thumb Code     0  libshutdown2.o(.ARM.Collect$$libshutdown$$0000000C)
    __rt_entry                               0x080001bd   Thumb Code     0  __rtentry.o(.ARM.Collect$$rtentry$$00000000)
    __rt_entry_presh_1                       0x080001bd   Thumb Code     0  __rtentry2.o(.ARM.Collect$$rtentry$$00000002)
    __rt_entry_sh                            0x080001bd   Thumb Code     0  __rtentry4.o(.ARM.Collect$$rtentry$$00000004)
    __rt_entry_li                            0x080001c3   Thumb Code     0  __rtentry2.o(.ARM.Collect$$rtentry$$0000000A)
    __rt_entry_postsh_1                      0x080001c3   Thumb Code     0  __rtentry2.o(.ARM.Collect$$rtentry$$00000009)
    __rt_entry_main                          0x080001c7   Thumb Code     0  __rtentry2.o(.ARM.Collect$$rtentry$$0000000D)
    __rt_entry_postli_1                      0x080001c7   Thumb Code     0  __rtentry2.o(.ARM.Collect$$rtentry$$0000000C)
    __rt_exit                                0x080001cf   Thumb Code     0  rtexit.o(.ARM.Collect$$rtexit$$00000000)
    __rt_exit_ls                             0x080001d1   Thumb Code     0  rtexit2.o(.ARM.Collect$$rtexit$$00000003)
    __rt_exit_prels_1                        0x080001d1   Thumb Code     0  rtexit2.o(.ARM.Collect$$rtexit$$00000002)
    __rt_exit_exit                           0x080001d5   Thumb Code     0  rtexit2.o(.ARM.Collect$$rtexit$$00000004)
    long_or_short_press                      0x080001dd   Thumb Code   106  main.o(.text)
    init                                     0x08000247   Thumb Code    74  main.o(.text)
    main                                     0x08000291   Thumb Code   142  main.o(.text)
    NMI_Handler                              0x08000365   Thumb Code     2  stm32f10x_it.o(.text)
    HardFault_Handler                        0x08000367   Thumb Code     4  stm32f10x_it.o(.text)
    MemManage_Handler                        0x0800036b   Thumb Code     4  stm32f10x_it.o(.text)
    BusFault_Handler                         0x0800036f   Thumb Code     4  stm32f10x_it.o(.text)
    UsageFault_Handler                       0x08000373   Thumb Code     4  stm32f10x_it.o(.text)
    SVC_Handler                              0x08000377   Thumb Code     2  stm32f10x_it.o(.text)
    DebugMon_Handler                         0x08000379   Thumb Code     2  stm32f10x_it.o(.text)
    PendSV_Handler                           0x0800037b   Thumb Code     2  stm32f10x_it.o(.text)
    SysTick_Handler                          0x0800037d   Thumb Code     2  stm32f10x_it.o(.text)
    SystemInit                               0x0800045f   Thumb Code    78  system_stm32f10x.o(.text)
    SystemCoreClockUpdate                    0x080004ad   Thumb Code   142  system_stm32f10x.o(.text)
    LED_Init                                 0x08000561   Thumb Code    72  led.o(.text)
    LCD_WR_REG                               0x080005b1   Thumb Code    28  lcd.o(.text)
    LCD_WR_DATAX                             0x080005cd   Thumb Code    28  lcd.o(.text)
    LCD_RD_DATA                              0x080005e9   Thumb Code    98  lcd.o(.text)
    LCD_WriteReg                             0x0800064b   Thumb Code    40  lcd.o(.text)
    LCD_ReadReg                              0x08000673   Thumb Code    16  lcd.o(.text)
    LCD_WriteRAM_Prepare                     0x08000683   Thumb Code    12  lcd.o(.text)
    LCD_WriteRAM                             0x0800068f   Thumb Code    28  lcd.o(.text)
    LCD_BGR2RGB                              0x080006ab   Thumb Code    26  lcd.o(.text)
    opt_delay                                0x080006c5   Thumb Code    14  lcd.o(.text)
    LCD_SetCursor                            0x080006d3   Thumb Code   956  lcd.o(.text)
    LCD_ReadPoint                            0x08000a8f   Thumb Code   506  lcd.o(.text)
    LCD_DisplayOn                            0x08000c89   Thumb Code    92  lcd.o(.text)
    LCD_DisplayOff                           0x08000ce5   Thumb Code    90  lcd.o(.text)
    LCD_Scan_Dir                             0x08000d3f   Thumb Code  1126  lcd.o(.text)
    LCD_DrawPoint                            0x080011a5   Thumb Code    52  lcd.o(.text)
    LCD_Fast_DrawPoint                       0x080011d9   Thumb Code   854  lcd.o(.text)
    LCD_SSD_BackLightSet                     0x0800152f   Thumb Code   220  lcd.o(.text)
    LCD_Display_Dir                          0x0800160b   Thumb Code   444  lcd.o(.text)
    LCD_Set_Window                           0x080017c7   Thumb Code  1078  lcd.o(.text)
    LCD_Clear                                0x08001bfd   Thumb Code   122  lcd.o(.text)
    LCD_Init                                 0x08001c77   Thumb Code 15298  lcd.o(.text)
    LCD_Fill                                 0x08005839   Thumb Code   200  lcd.o(.text)
    LCD_Color_Fill                           0x08005901   Thumb Code   116  lcd.o(.text)
    LCD_DrawLine                             0x08005975   Thumb Code   176  lcd.o(.text)
    LCD_DrawRectangle                        0x08005a25   Thumb Code    60  lcd.o(.text)
    LCD_Draw_Circle                          0x08005a61   Thumb Code   152  lcd.o(.text)
    LCD_ShowChar                             0x08005af9   Thumb Code   272  lcd.o(.text)
    LCD_Pow                                  0x08005c09   Thumb Code    22  lcd.o(.text)
    LCD_ShowNum                              0x08005c1f   Thumb Code   180  lcd.o(.text)
    LCD_ShowxNum                             0x08005cd3   Thumb Code   190  lcd.o(.text)
    LCD_ShowString                           0x08005d91   Thumb Code   102  lcd.o(.text)
    KEY_Init                                 0x08005df9   Thumb Code    82  key.o(.text)
    KEY_Scan                                 0x08005e4b   Thumb Code   154  key.o(.text)
    TIM3_Int_Init                            0x08005ef5   Thumb Code    90  timer.o(.text)
    TIM2_Int_Init                            0x08005f4f   Thumb Code    90  timer.o(.text)
    juchi_wave                               0x08005fa9   Thumb Code   438  timer.o(.text)
    TIM3_IRQHandler                          0x0800615f   Thumb Code   106  timer.o(.text)
    TIM2_IRQHandler                          0x080061c9   Thumb Code    74  timer.o(.text)
    triangle_wave                            0x08006213   Thumb Code   146  timer.o(.text)
    square_wave                              0x080062a5   Thumb Code   456  timer.o(.text)
    sin_wave                                 0x0800646d   Thumb Code   232  timer.o(.text)
    EXTIX_Init                               0x08006585   Thumb Code   212  exti.o(.text)
    EXTI0_IRQHandler                         0x08006659   Thumb Code    62  exti.o(.text)
    EXTI9_5_IRQHandler                       0x08006697   Thumb Code    42  exti.o(.text)
    EXTI15_10_IRQHandler                     0x080066c1   Thumb Code    46  exti.o(.text)
    delay_init                               0x08006705   Thumb Code    50  delay.o(.text)
    delay_us                                 0x08006737   Thumb Code    72  delay.o(.text)
    delay_ms                                 0x0800677f   Thumb Code    72  delay.o(.text)
    _sys_exit                                0x080067d9   Thumb Code     6  usart.o(.text)
    fputc                                    0x080067df   Thumb Code    24  usart.o(.text)
    uart_init                                0x080067f7   Thumb Code   152  usart.o(.text)
    USART1_IRQHandler                        0x0800688f   Thumb Code   122  usart.o(.text)
    Reset_Handler                            0x08006919   Thumb Code     8  startup_stm32f10x_hd.o(.text)
    ADC1_2_IRQHandler                        0x08006933   Thumb Code     0  startup_stm32f10x_hd.o(.text)
    ADC3_IRQHandler                          0x08006933   Thumb Code     0  startup_stm32f10x_hd.o(.text)
    CAN1_RX1_IRQHandler                      0x08006933   Thumb Code     0  startup_stm32f10x_hd.o(.text)
    CAN1_SCE_IRQHandler                      0x08006933   Thumb Code     0  startup_stm32f10x_hd.o(.text)
    DMA1_Channel1_IRQHandler                 0x08006933   Thumb Code     0  startup_stm32f10x_hd.o(.text)
    DMA1_Channel2_IRQHandler                 0x08006933   Thumb Code     0  startup_stm32f10x_hd.o(.text)
    DMA1_Channel3_IRQHandler                 0x08006933   Thumb Code     0  startup_stm32f10x_hd.o(.text)
    DMA1_Channel4_IRQHandler                 0x08006933   Thumb Code     0  startup_stm32f10x_hd.o(.text)
    DMA1_Channel5_IRQHandler                 0x08006933   Thumb Code     0  startup_stm32f10x_hd.o(.text)
    DMA1_Channel6_IRQHandler                 0x08006933   Thumb Code     0  startup_stm32f10x_hd.o(.text)
    DMA1_Channel7_IRQHandler                 0x08006933   Thumb Code     0  startup_stm32f10x_hd.o(.text)
    DMA2_Channel1_IRQHandler                 0x08006933   Thumb Code     0  startup_stm32f10x_hd.o(.text)
    DMA2_Channel2_IRQHandler                 0x08006933   Thumb Code     0  startup_stm32f10x_hd.o(.text)
    DMA2_Channel3_IRQHandler                 0x08006933   Thumb Code     0  startup_stm32f10x_hd.o(.text)
    DMA2_Channel4_5_IRQHandler               0x08006933   Thumb Code     0  startup_stm32f10x_hd.o(.text)
    EXTI1_IRQHandler                         0x08006933   Thumb Code     0  startup_stm32f10x_hd.o(.text)
    EXTI2_IRQHandler                         0x08006933   Thumb Code     0  startup_stm32f10x_hd.o(.text)
    EXTI3_IRQHandler                         0x08006933   Thumb Code     0  startup_stm32f10x_hd.o(.text)
    EXTI4_IRQHandler                         0x08006933   Thumb Code     0  startup_stm32f10x_hd.o(.text)
    FLASH_IRQHandler                         0x08006933   Thumb Code     0  startup_stm32f10x_hd.o(.text)
    FSMC_IRQHandler                          0x08006933   Thumb Code     0  startup_stm32f10x_hd.o(.text)
    I2C1_ER_IRQHandler                       0x08006933   Thumb Code     0  startup_stm32f10x_hd.o(.text)
    I2C1_EV_IRQHandler                       0x08006933   Thumb Code     0  startup_stm32f10x_hd.o(.text)
    I2C2_ER_IRQHandler                       0x08006933   Thumb Code     0  startup_stm32f10x_hd.o(.text)
    I2C2_EV_IRQHandler                       0x08006933   Thumb Code     0  startup_stm32f10x_hd.o(.text)
    PVD_IRQHandler                           0x08006933   Thumb Code     0  startup_stm32f10x_hd.o(.text)
    RCC_IRQHandler                           0x08006933   Thumb Code     0  startup_stm32f10x_hd.o(.text)
    RTCAlarm_IRQHandler                      0x08006933   Thumb Code     0  startup_stm32f10x_hd.o(.text)
    RTC_IRQHandler                           0x08006933   Thumb Code     0  startup_stm32f10x_hd.o(.text)
    SDIO_IRQHandler                          0x08006933   Thumb Code     0  startup_stm32f10x_hd.o(.text)
    SPI1_IRQHandler                          0x08006933   Thumb Code     0  startup_stm32f10x_hd.o(.text)
    SPI2_IRQHandler                          0x08006933   Thumb Code     0  startup_stm32f10x_hd.o(.text)
    SPI3_IRQHandler                          0x08006933   Thumb Code     0  startup_stm32f10x_hd.o(.text)
    TAMPER_IRQHandler                        0x08006933   Thumb Code     0  startup_stm32f10x_hd.o(.text)
    TIM1_BRK_IRQHandler                      0x08006933   Thumb Code     0  startup_stm32f10x_hd.o(.text)
    TIM1_CC_IRQHandler                       0x08006933   Thumb Code     0  startup_stm32f10x_hd.o(.text)
    TIM1_TRG_COM_IRQHandler                  0x08006933   Thumb Code     0  startup_stm32f10x_hd.o(.text)
    TIM1_UP_IRQHandler                       0x08006933   Thumb Code     0  startup_stm32f10x_hd.o(.text)
    TIM4_IRQHandler                          0x08006933   Thumb Code     0  startup_stm32f10x_hd.o(.text)
    TIM5_IRQHandler                          0x08006933   Thumb Code     0  startup_stm32f10x_hd.o(.text)
    TIM6_IRQHandler                          0x08006933   Thumb Code     0  startup_stm32f10x_hd.o(.text)
    TIM7_IRQHandler                          0x08006933   Thumb Code     0  startup_stm32f10x_hd.o(.text)
    TIM8_BRK_IRQHandler                      0x08006933   Thumb Code     0  startup_stm32f10x_hd.o(.text)
    TIM8_CC_IRQHandler                       0x08006933   Thumb Code     0  startup_stm32f10x_hd.o(.text)
    TIM8_TRG_COM_IRQHandler                  0x08006933   Thumb Code     0  startup_stm32f10x_hd.o(.text)
    TIM8_UP_IRQHandler                       0x08006933   Thumb Code     0  startup_stm32f10x_hd.o(.text)
    UART4_IRQHandler                         0x08006933   Thumb Code     0  startup_stm32f10x_hd.o(.text)
    UART5_IRQHandler                         0x08006933   Thumb Code     0  startup_stm32f10x_hd.o(.text)
    USART2_IRQHandler                        0x08006933   Thumb Code     0  startup_stm32f10x_hd.o(.text)
    USART3_IRQHandler                        0x08006933   Thumb Code     0  startup_stm32f10x_hd.o(.text)
    USBWakeUp_IRQHandler                     0x08006933   Thumb Code     0  startup_stm32f10x_hd.o(.text)
    USB_HP_CAN1_TX_IRQHandler                0x08006933   Thumb Code     0  startup_stm32f10x_hd.o(.text)
    USB_LP_CAN1_RX0_IRQHandler               0x08006933   Thumb Code     0  startup_stm32f10x_hd.o(.text)
    WWDG_IRQHandler                          0x08006933   Thumb Code     0  startup_stm32f10x_hd.o(.text)
    __user_initial_stackheap                 0x08006935   Thumb Code     0  startup_stm32f10x_hd.o(.text)
    GPIO_DeInit                              0x08006959   Thumb Code   172  stm32f10x_gpio.o(.text)
    GPIO_AFIODeInit                          0x08006a05   Thumb Code    20  stm32f10x_gpio.o(.text)
    GPIO_Init                                0x08006a19   Thumb Code   278  stm32f10x_gpio.o(.text)
    GPIO_StructInit                          0x08006b2f   Thumb Code    16  stm32f10x_gpio.o(.text)
    GPIO_ReadInputDataBit                    0x08006b3f   Thumb Code    18  stm32f10x_gpio.o(.text)
    GPIO_ReadInputData                       0x08006b51   Thumb Code     8  stm32f10x_gpio.o(.text)
    GPIO_ReadOutputDataBit                   0x08006b59   Thumb Code    18  stm32f10x_gpio.o(.text)
    GPIO_ReadOutputData                      0x08006b6b   Thumb Code     8  stm32f10x_gpio.o(.text)
    GPIO_SetBits                             0x08006b73   Thumb Code     4  stm32f10x_gpio.o(.text)
    GPIO_ResetBits                           0x08006b77   Thumb Code     4  stm32f10x_gpio.o(.text)
    GPIO_WriteBit                            0x08006b7b   Thumb Code    10  stm32f10x_gpio.o(.text)
    GPIO_Write                               0x08006b85   Thumb Code     4  stm32f10x_gpio.o(.text)
    GPIO_PinLockConfig                       0x08006b89   Thumb Code    18  stm32f10x_gpio.o(.text)
    GPIO_EventOutputConfig                   0x08006b9b   Thumb Code    26  stm32f10x_gpio.o(.text)
    GPIO_EventOutputCmd                      0x08006bb5   Thumb Code     6  stm32f10x_gpio.o(.text)
    GPIO_PinRemapConfig                      0x08006bbb   Thumb Code   138  stm32f10x_gpio.o(.text)
    GPIO_EXTILineConfig                      0x08006c45   Thumb Code    66  stm32f10x_gpio.o(.text)
    GPIO_ETH_MediaInterfaceConfig            0x08006c87   Thumb Code     8  stm32f10x_gpio.o(.text)
    RCC_DeInit                               0x08006cb5   Thumb Code    64  stm32f10x_rcc.o(.text)
    RCC_HSEConfig                            0x08006cf5   Thumb Code    70  stm32f10x_rcc.o(.text)
    RCC_GetFlagStatus                        0x08006d3b   Thumb Code    56  stm32f10x_rcc.o(.text)
    RCC_WaitForHSEStartUp                    0x08006d73   Thumb Code    56  stm32f10x_rcc.o(.text)
    RCC_AdjustHSICalibrationValue            0x08006dab   Thumb Code    20  stm32f10x_rcc.o(.text)
    RCC_HSICmd                               0x08006dbf   Thumb Code     6  stm32f10x_rcc.o(.text)
    RCC_PLLConfig                            0x08006dc5   Thumb Code    24  stm32f10x_rcc.o(.text)
    RCC_PLLCmd                               0x08006ddd   Thumb Code     6  stm32f10x_rcc.o(.text)
    RCC_SYSCLKConfig                         0x08006de3   Thumb Code    18  stm32f10x_rcc.o(.text)
    RCC_GetSYSCLKSource                      0x08006df5   Thumb Code    10  stm32f10x_rcc.o(.text)
    RCC_HCLKConfig                           0x08006dff   Thumb Code    18  stm32f10x_rcc.o(.text)
    RCC_PCLK1Config                          0x08006e11   Thumb Code    18  stm32f10x_rcc.o(.text)
    RCC_PCLK2Config                          0x08006e23   Thumb Code    20  stm32f10x_rcc.o(.text)
    RCC_ITConfig                             0x08006e37   Thumb Code    26  stm32f10x_rcc.o(.text)
    RCC_USBCLKConfig                         0x08006e51   Thumb Code     8  stm32f10x_rcc.o(.text)
    RCC_ADCCLKConfig                         0x08006e59   Thumb Code    18  stm32f10x_rcc.o(.text)
    RCC_LSEConfig                            0x08006e6b   Thumb Code    50  stm32f10x_rcc.o(.text)
    RCC_LSICmd                               0x08006e9d   Thumb Code     6  stm32f10x_rcc.o(.text)
    RCC_RTCCLKConfig                         0x08006ea3   Thumb Code    12  stm32f10x_rcc.o(.text)
    RCC_RTCCLKCmd                            0x08006eaf   Thumb Code     8  stm32f10x_rcc.o(.text)
    RCC_GetClocksFreq                        0x08006eb7   Thumb Code   192  stm32f10x_rcc.o(.text)
    RCC_AHBPeriphClockCmd                    0x08006f77   Thumb Code    26  stm32f10x_rcc.o(.text)
    RCC_APB2PeriphClockCmd                   0x08006f91   Thumb Code    26  stm32f10x_rcc.o(.text)
    RCC_APB1PeriphClockCmd                   0x08006fab   Thumb Code    26  stm32f10x_rcc.o(.text)
    RCC_APB2PeriphResetCmd                   0x08006fc5   Thumb Code    26  stm32f10x_rcc.o(.text)
    RCC_APB1PeriphResetCmd                   0x08006fdf   Thumb Code    26  stm32f10x_rcc.o(.text)
    RCC_BackupResetCmd                       0x08006ff9   Thumb Code     8  stm32f10x_rcc.o(.text)
    RCC_ClockSecuritySystemCmd               0x08007001   Thumb Code     6  stm32f10x_rcc.o(.text)
    RCC_MCOConfig                            0x08007007   Thumb Code     6  stm32f10x_rcc.o(.text)
    RCC_ClearFlag                            0x0800700d   Thumb Code    14  stm32f10x_rcc.o(.text)
    RCC_GetITStatus                          0x0800701b   Thumb Code    20  stm32f10x_rcc.o(.text)
    RCC_ClearITPendingBit                    0x0800702f   Thumb Code     6  stm32f10x_rcc.o(.text)
    USART_DeInit                             0x08007059   Thumb Code   134  stm32f10x_usart.o(.text)
    USART_Init                               0x080070df   Thumb Code   210  stm32f10x_usart.o(.text)
    USART_StructInit                         0x080071b1   Thumb Code    24  stm32f10x_usart.o(.text)
    USART_ClockInit                          0x080071c9   Thumb Code    34  stm32f10x_usart.o(.text)
    USART_ClockStructInit                    0x080071eb   Thumb Code    12  stm32f10x_usart.o(.text)
    USART_Cmd                                0x080071f7   Thumb Code    24  stm32f10x_usart.o(.text)
    USART_ITConfig                           0x0800720f   Thumb Code    74  stm32f10x_usart.o(.text)
    USART_DMACmd                             0x08007259   Thumb Code    18  stm32f10x_usart.o(.text)
    USART_SetAddress                         0x0800726b   Thumb Code    18  stm32f10x_usart.o(.text)
    USART_WakeUpConfig                       0x0800727d   Thumb Code    18  stm32f10x_usart.o(.text)
    USART_ReceiverWakeUpCmd                  0x0800728f   Thumb Code    24  stm32f10x_usart.o(.text)
    USART_LINBreakDetectLengthConfig         0x080072a7   Thumb Code    18  stm32f10x_usart.o(.text)
    USART_LINCmd                             0x080072b9   Thumb Code    24  stm32f10x_usart.o(.text)
    USART_SendData                           0x080072d1   Thumb Code     8  stm32f10x_usart.o(.text)
    USART_ReceiveData                        0x080072d9   Thumb Code    10  stm32f10x_usart.o(.text)
    USART_SendBreak                          0x080072e3   Thumb Code    10  stm32f10x_usart.o(.text)
    USART_SetGuardTime                       0x080072ed   Thumb Code    16  stm32f10x_usart.o(.text)
    USART_SetPrescaler                       0x080072fd   Thumb Code    16  stm32f10x_usart.o(.text)
    USART_SmartCardCmd                       0x0800730d   Thumb Code    24  stm32f10x_usart.o(.text)
    USART_SmartCardNACKCmd                   0x08007325   Thumb Code    24  stm32f10x_usart.o(.text)
    USART_HalfDuplexCmd                      0x0800733d   Thumb Code    24  stm32f10x_usart.o(.text)
    USART_OverSampling8Cmd                   0x08007355   Thumb Code    22  stm32f10x_usart.o(.text)
    USART_OneBitMethodCmd                    0x0800736b   Thumb Code    24  stm32f10x_usart.o(.text)
    USART_IrDAConfig                         0x08007383   Thumb Code    18  stm32f10x_usart.o(.text)
    USART_IrDACmd                            0x08007395   Thumb Code    24  stm32f10x_usart.o(.text)
    USART_GetFlagStatus                      0x080073ad   Thumb Code    26  stm32f10x_usart.o(.text)
    USART_ClearFlag                          0x080073c7   Thumb Code    18  stm32f10x_usart.o(.text)
    USART_GetITStatus                        0x080073d9   Thumb Code    84  stm32f10x_usart.o(.text)
    USART_ClearITPendingBit                  0x0800742d   Thumb Code    52  stm32f10x_usart.o(.text)
    NVIC_PriorityGroupConfig                 0x08007461   Thumb Code    10  misc.o(.text)
    NVIC_Init                                0x0800746b   Thumb Code   100  misc.o(.text)
    NVIC_SetVectorTable                      0x080074cf   Thumb Code    14  misc.o(.text)
    NVIC_SystemLPConfig                      0x080074dd   Thumb Code    34  misc.o(.text)
    SysTick_CLKSourceConfig                  0x080074ff   Thumb Code    40  misc.o(.text)
    EXTI_DeInit                              0x0800753d   Thumb Code    28  stm32f10x_exti.o(.text)
    EXTI_Init                                0x08007559   Thumb Code   142  stm32f10x_exti.o(.text)
    EXTI_StructInit                          0x080075e7   Thumb Code    16  stm32f10x_exti.o(.text)
    EXTI_GenerateSWInterrupt                 0x080075f7   Thumb Code    16  stm32f10x_exti.o(.text)
    EXTI_GetFlagStatus                       0x08007607   Thumb Code    22  stm32f10x_exti.o(.text)
    EXTI_ClearFlag                           0x0800761d   Thumb Code     8  stm32f10x_exti.o(.text)
    EXTI_GetITStatus                         0x08007625   Thumb Code    34  stm32f10x_exti.o(.text)
    EXTI_ClearITPendingBit                   0x08007647   Thumb Code     8  stm32f10x_exti.o(.text)
    TIM_DeInit                               0x08007659   Thumb Code   424  stm32f10x_tim.o(.text)
    TIM_TimeBaseInit                         0x08007801   Thumb Code   122  stm32f10x_tim.o(.text)
    TIM_OC1Init                              0x0800787b   Thumb Code   132  stm32f10x_tim.o(.text)
    TIM_OC2Init                              0x080078ff   Thumb Code   154  stm32f10x_tim.o(.text)
    TIM_OC3Init                              0x08007999   Thumb Code   150  stm32f10x_tim.o(.text)
    TIM_OC4Init                              0x08007a2f   Thumb Code   182  stm32f10x_tim.o(.text)
    TIM_SetIC4Prescaler                      0x08007ae5   Thumb Code    26  stm32f10x_tim.o(.text)
    TIM_SetIC3Prescaler                      0x08007b81   Thumb Code    18  stm32f10x_tim.o(.text)
    TIM_SetIC2Prescaler                      0x08007c0d   Thumb Code    26  stm32f10x_tim.o(.text)
    TIM_SetIC1Prescaler                      0x08007ca9   Thumb Code    18  stm32f10x_tim.o(.text)
    TIM_ICInit                               0x08007d27   Thumb Code   150  stm32f10x_tim.o(.text)
    TIM_PWMIConfig                           0x08007dbd   Thumb Code   124  stm32f10x_tim.o(.text)
    TIM_BDTRConfig                           0x08007e39   Thumb Code    32  stm32f10x_tim.o(.text)
    TIM_TimeBaseStructInit                   0x08007e59   Thumb Code    18  stm32f10x_tim.o(.text)
    TIM_OCStructInit                         0x08007e6b   Thumb Code    20  stm32f10x_tim.o(.text)
    TIM_ICStructInit                         0x08007e7f   Thumb Code    18  stm32f10x_tim.o(.text)
    TIM_BDTRStructInit                       0x08007e91   Thumb Code    40  stm32f10x_tim.o(.text)
    TIM_Cmd                                  0x08007eb9   Thumb Code    24  stm32f10x_tim.o(.text)
    TIM_CtrlPWMOutputs                       0x08007ed1   Thumb Code    30  stm32f10x_tim.o(.text)
    TIM_ITConfig                             0x08007eef   Thumb Code    18  stm32f10x_tim.o(.text)
    TIM_GenerateEvent                        0x08007f01   Thumb Code     4  stm32f10x_tim.o(.text)
    TIM_DMAConfig                            0x08007f05   Thumb Code    10  stm32f10x_tim.o(.text)
    TIM_DMACmd                               0x08007f0f   Thumb Code    18  stm32f10x_tim.o(.text)
    TIM_InternalClockConfig                  0x08007f21   Thumb Code    12  stm32f10x_tim.o(.text)
    TIM_SelectInputTrigger                   0x08007f2d   Thumb Code    18  stm32f10x_tim.o(.text)
    TIM_ITRxExternalClockConfig              0x08007f3f   Thumb Code    24  stm32f10x_tim.o(.text)
    TIM_TIxExternalClockConfig               0x08007f57   Thumb Code    62  stm32f10x_tim.o(.text)
    TIM_ETRConfig                            0x08007f95   Thumb Code    28  stm32f10x_tim.o(.text)
    TIM_ETRClockMode1Config                  0x08007fb1   Thumb Code    54  stm32f10x_tim.o(.text)
    TIM_ETRClockMode2Config                  0x08007fe7   Thumb Code    32  stm32f10x_tim.o(.text)
    TIM_PrescalerConfig                      0x08008007   Thumb Code     6  stm32f10x_tim.o(.text)
    TIM_CounterModeConfig                    0x0800800d   Thumb Code    18  stm32f10x_tim.o(.text)
    TIM_EncoderInterfaceConfig               0x0800801f   Thumb Code    66  stm32f10x_tim.o(.text)
    TIM_ForcedOC1Config                      0x08008061   Thumb Code    18  stm32f10x_tim.o(.text)
    TIM_ForcedOC2Config                      0x08008073   Thumb Code    26  stm32f10x_tim.o(.text)
    TIM_ForcedOC3Config                      0x0800808d   Thumb Code    18  stm32f10x_tim.o(.text)
    TIM_ForcedOC4Config                      0x0800809f   Thumb Code    26  stm32f10x_tim.o(.text)
    TIM_ARRPreloadConfig                     0x080080b9   Thumb Code    24  stm32f10x_tim.o(.text)
    TIM_SelectCOM                            0x080080d1   Thumb Code    24  stm32f10x_tim.o(.text)
    TIM_SelectCCDMA                          0x080080e9   Thumb Code    24  stm32f10x_tim.o(.text)
    TIM_CCPreloadControl                     0x08008101   Thumb Code    24  stm32f10x_tim.o(.text)
    TIM_OC1PreloadConfig                     0x08008119   Thumb Code    18  stm32f10x_tim.o(.text)
    TIM_OC2PreloadConfig                     0x0800812b   Thumb Code    26  stm32f10x_tim.o(.text)
    TIM_OC3PreloadConfig                     0x08008145   Thumb Code    18  stm32f10x_tim.o(.text)
    TIM_OC4PreloadConfig                     0x08008157   Thumb Code    26  stm32f10x_tim.o(.text)
    TIM_OC1FastConfig                        0x08008171   Thumb Code    18  stm32f10x_tim.o(.text)
    TIM_OC2FastConfig                        0x08008183   Thumb Code    26  stm32f10x_tim.o(.text)
    TIM_OC3FastConfig                        0x0800819d   Thumb Code    18  stm32f10x_tim.o(.text)
    TIM_OC4FastConfig                        0x080081af   Thumb Code    26  stm32f10x_tim.o(.text)
    TIM_ClearOC1Ref                          0x080081c9   Thumb Code    18  stm32f10x_tim.o(.text)
    TIM_ClearOC2Ref                          0x080081db   Thumb Code    24  stm32f10x_tim.o(.text)
    TIM_ClearOC3Ref                          0x080081f3   Thumb Code    18  stm32f10x_tim.o(.text)
    TIM_ClearOC4Ref                          0x08008205   Thumb Code    24  stm32f10x_tim.o(.text)
    TIM_OC1PolarityConfig                    0x0800821d   Thumb Code    18  stm32f10x_tim.o(.text)
    TIM_OC1NPolarityConfig                   0x0800822f   Thumb Code    18  stm32f10x_tim.o(.text)
    TIM_OC2PolarityConfig                    0x08008241   Thumb Code    26  stm32f10x_tim.o(.text)
    TIM_OC2NPolarityConfig                   0x0800825b   Thumb Code    26  stm32f10x_tim.o(.text)
    TIM_OC3PolarityConfig                    0x08008275   Thumb Code    26  stm32f10x_tim.o(.text)
    TIM_OC3NPolarityConfig                   0x0800828f   Thumb Code    26  stm32f10x_tim.o(.text)
    TIM_OC4PolarityConfig                    0x080082a9   Thumb Code    26  stm32f10x_tim.o(.text)
    TIM_CCxCmd                               0x080082c3   Thumb Code    30  stm32f10x_tim.o(.text)
    TIM_CCxNCmd                              0x080082e1   Thumb Code    30  stm32f10x_tim.o(.text)
    TIM_SelectOCxM                           0x080082ff   Thumb Code    82  stm32f10x_tim.o(.text)
    TIM_UpdateDisableConfig                  0x08008351   Thumb Code    24  stm32f10x_tim.o(.text)
    TIM_UpdateRequestConfig                  0x08008369   Thumb Code    24  stm32f10x_tim.o(.text)
    TIM_SelectHallSensor                     0x08008381   Thumb Code    24  stm32f10x_tim.o(.text)
    TIM_SelectOnePulseMode                   0x08008399   Thumb Code    18  stm32f10x_tim.o(.text)
    TIM_SelectOutputTrigger                  0x080083ab   Thumb Code    18  stm32f10x_tim.o(.text)
    TIM_SelectSlaveMode                      0x080083bd   Thumb Code    18  stm32f10x_tim.o(.text)
    TIM_SelectMasterSlaveMode                0x080083cf   Thumb Code    18  stm32f10x_tim.o(.text)
    TIM_SetCounter                           0x080083e1   Thumb Code     4  stm32f10x_tim.o(.text)
    TIM_SetAutoreload                        0x080083e5   Thumb Code     4  stm32f10x_tim.o(.text)
    TIM_SetCompare1                          0x080083e9   Thumb Code     4  stm32f10x_tim.o(.text)
    TIM_SetCompare2                          0x080083ed   Thumb Code     4  stm32f10x_tim.o(.text)
    TIM_SetCompare3                          0x080083f1   Thumb Code     4  stm32f10x_tim.o(.text)
    TIM_SetCompare4                          0x080083f5   Thumb Code     6  stm32f10x_tim.o(.text)
    TIM_SetClockDivision                     0x080083fb   Thumb Code    18  stm32f10x_tim.o(.text)
    TIM_GetCapture1                          0x0800840d   Thumb Code     6  stm32f10x_tim.o(.text)
    TIM_GetCapture2                          0x08008413   Thumb Code     6  stm32f10x_tim.o(.text)
    TIM_GetCapture3                          0x08008419   Thumb Code     6  stm32f10x_tim.o(.text)
    TIM_GetCapture4                          0x0800841f   Thumb Code     8  stm32f10x_tim.o(.text)
    TIM_GetCounter                           0x08008427   Thumb Code     6  stm32f10x_tim.o(.text)
    TIM_GetPrescaler                         0x0800842d   Thumb Code     6  stm32f10x_tim.o(.text)
    TIM_GetFlagStatus                        0x08008433   Thumb Code    18  stm32f10x_tim.o(.text)
    TIM_ClearFlag                            0x08008445   Thumb Code     6  stm32f10x_tim.o(.text)
    TIM_GetITStatus                          0x0800844b   Thumb Code    34  stm32f10x_tim.o(.text)
    TIM_ClearITPendingBit                    0x0800846d   Thumb Code     6  stm32f10x_tim.o(.text)
    __use_no_semihosting                     0x08008473   Thumb Code     2  use_no_semi_2.o(.text)
    __2printf                                0x08008475   Thumb Code    20  noretval__2printf.o(.text)
    __2sprintf                               0x0800848d   Thumb Code    34  noretval__2sprintf.o(.text)
    _printf_pre_padding                      0x080084b5   Thumb Code    44  _printf_pad.o(.text)
    _printf_post_padding                     0x080084e1   Thumb Code    34  _printf_pad.o(.text)
    _printf_int_dec                          0x08008505   Thumb Code   104  _printf_dec.o(.text)
    _printf_int_hex                          0x0800857d   Thumb Code    84  _printf_hex_int.o(.text)
    _printf_longlong_hex                     0x0800857d   Thumb Code     0  _printf_hex_int.o(.text)
    __printf                                 0x080085d5   Thumb Code   308  __printf_flags_wp.o(.text)
    __use_two_region_memory                  0x0800870d   Thumb Code     2  heapauxi.o(.text)
    __rt_heap_escrow$2region                 0x0800870f   Thumb Code     2  heapauxi.o(.text)
    __rt_heap_expand$2region                 0x08008711   Thumb Code     2  heapauxi.o(.text)
    __I$use$semihosting                      0x08008713   Thumb Code     0  use_no_semi.o(.text)
    __use_no_semihosting_swi                 0x08008713   Thumb Code     2  use_no_semi.o(.text)
    __read_errno                             0x08008715   Thumb Code    10  _rserrno.o(.text)
    __set_errno                              0x0800871f   Thumb Code    12  _rserrno.o(.text)
    _printf_int_common                       0x0800872b   Thumb Code   178  _printf_intcommon.o(.text)
    _printf_char_common                      0x080087e7   Thumb Code    32  _printf_char_common.o(.text)
    _sputc                                   0x0800880d   Thumb Code    10  _sputc.o(.text)
    _printf_char_file                        0x08008819   Thumb Code    32  _printf_char_file.o(.text)
    __aeabi_errno_addr                       0x0800883d   Thumb Code     8  rt_errno_addr_intlibspace.o(.text)
    __errno$intlibspace                      0x0800883d   Thumb Code     0  rt_errno_addr_intlibspace.o(.text)
    __rt_errno_addr$intlibspace              0x0800883d   Thumb Code     0  rt_errno_addr_intlibspace.o(.text)
    ferror                                   0x08008845   Thumb Code     8  ferror.o(.text)
    __user_libspace                          0x0800884d   Thumb Code     8  libspace.o(.text)
    __user_perproc_libspace                  0x0800884d   Thumb Code     0  libspace.o(.text)
    __user_perthread_libspace                0x0800884d   Thumb Code     0  libspace.o(.text)
    __user_setup_stackheap                   0x08008855   Thumb Code    74  sys_stackheap_outer.o(.text)
    exit                                     0x0800889f   Thumb Code    18  exit.o(.text)
    __ARM_fpclassify                         0x080088b1   Thumb Code    40  fpclassify.o(i.__ARM_fpclassify)
    __ieee754_rem_pio2                       0x080088d9   Thumb Code   828  rred.o(i.__ieee754_rem_pio2)
    __kernel_cos                             0x08008c61   Thumb Code   230  cos_i.o(i.__kernel_cos)
    __kernel_poly                            0x08008d5d   Thumb Code   170  poly.o(i.__kernel_poly)
    __kernel_sin                             0x08008e09   Thumb Code   224  sin_i.o(i.__kernel_sin)
    __mathlib_dbl_infnan                     0x08008ef5   Thumb Code     6  dunder.o(i.__mathlib_dbl_infnan)
    __mathlib_dbl_invalid                    0x08008efb   Thumb Code    12  dunder.o(i.__mathlib_dbl_invalid)
    __mathlib_dbl_underflow                  0x08008f09   Thumb Code    10  dunder.o(i.__mathlib_dbl_underflow)
    _is_digit                                0x08008f19   Thumb Code    14  __printf_wp.o(i._is_digit)
    sin                                      0x08008f29   Thumb Code   150  sin.o(i.sin)
    __aeabi_dadd                             0x08008fc9   Thumb Code     0  daddsub_clz.o(x$fpl$dadd)
    _dadd                                    0x08008fc9   Thumb Code   332  daddsub_clz.o(x$fpl$dadd)
    __fpl_dcheck_NaN1                        0x08009119   Thumb Code    10  dcheck1.o(x$fpl$dcheck1)
    __aeabi_ddiv                             0x08009129   Thumb Code     0  ddiv.o(x$fpl$ddiv)
    _ddiv                                    0x08009129   Thumb Code   552  ddiv.o(x$fpl$ddiv)
    __aeabi_d2iz                             0x080093d9   Thumb Code     0  dfix.o(x$fpl$dfix)
    _dfix                                    0x080093d9   Thumb Code    94  dfix.o(x$fpl$dfix)
    __aeabi_d2uiz                            0x08009439   Thumb Code     0  dfixu.o(x$fpl$dfixu)
    _dfixu                                   0x08009439   Thumb Code    90  dfixu.o(x$fpl$dfixu)
    __aeabi_i2d                              0x08009493   Thumb Code     0  dflt_clz.o(x$fpl$dflt)
    _dflt                                    0x08009493   Thumb Code    46  dflt_clz.o(x$fpl$dflt)
    __aeabi_ui2d                             0x080094c1   Thumb Code     0  dflt_clz.o(x$fpl$dfltu)
    _dfltu                                   0x080094c1   Thumb Code    38  dflt_clz.o(x$fpl$dfltu)
    __aeabi_dmul                             0x080094e9   Thumb Code     0  dmul.o(x$fpl$dmul)
    _dmul                                    0x080094e9   Thumb Code   332  dmul.o(x$fpl$dmul)
    __fpl_dnaninf                            0x0800963d   Thumb Code   156  dnaninf.o(x$fpl$dnaninf)
    __fpl_dretinf                            0x080096d9   Thumb Code    12  dretinf.o(x$fpl$dretinf)
    __aeabi_drsub                            0x080096e5   Thumb Code     0  daddsub_clz.o(x$fpl$drsb)
    _drsb                                    0x080096e5   Thumb Code    22  daddsub_clz.o(x$fpl$drsb)
    __aeabi_dsub                             0x080096fd   Thumb Code     0  daddsub_clz.o(x$fpl$dsub)
    _dsub                                    0x080096fd   Thumb Code   464  daddsub_clz.o(x$fpl$dsub)
    __fpl_return_NaN                         0x080098d1   Thumb Code   100  retnan.o(x$fpl$retnan)
    __ARM_scalbn                             0x08009935   Thumb Code    92  scalbn.o(x$fpl$scalbn)
    __fpl_cmpreturn                          0x08009991   Thumb Code    48  trapv.o(x$fpl$trapveneer)
    __I$use$fp                               0x080099c0   Number         0  usenofp.o(x$fpl$usenofp)
    asc2_1206                                0x080099c0   Data        1140  lcd.o(.constdata)
    asc2_1608                                0x08009e34   Data        1520  lcd.o(.constdata)
    asc2_2412                                0x0800a424   Data        3420  lcd.o(.constdata)
    Region$$Table$$Base                      0x0800b2e0   Number         0  anon$$obj.o(Region$$Table)
    Region$$Table$$Limit                     0x0800b300   Number         0  anon$$obj.o(Region$$Table)
    step                                     0x20000000   Data           4  main.o(.data)
    SystemCoreClock                          0x20000004   Data           4  system_stm32f10x.o(.data)
    AHBPrescTable                            0x20000008   Data          16  system_stm32f10x.o(.data)
    POINT_COLOR                              0x20000018   Data           2  lcd.o(.data)
    BACK_COLOR                               0x2000001a   Data           2  lcd.o(.data)
    Global_delay_time                        0x20000020   Data           2  timer.o(.data)
    Global_key_num                           0x20000022   Data           2  timer.o(.data)
    Global_press_time                        0x20000024   Data           2  timer.o(.data)
    last_press                               0x20000026   Data           2  timer.o(.data)
    Global_lcd_x                             0x20000028   Data           4  timer.o(.data)
    Global_lcd_y                             0x2000002c   Data           4  timer.o(.data)
    Global_lcd_last_x                        0x20000030   Data           4  timer.o(.data)
    Global_lcd_last_y                        0x20000034   Data           4  timer.o(.data)
    Global_done_sign                         0x20000038   Data           4  timer.o(.data)
    time                                     0x2000003c   Data           2  timer.o(.data)
    count                                    0x2000003e   Data           2  timer.o(.data)
    xdir                                     0x20000040   Data           4  timer.o(.data)
    ydir                                     0x20000044   Data           4  timer.o(.data)
    temp                                     0x20000048   Data           8  timer.o(.data)
    change                                   0x20000050   Data           4  timer.o(.data)
    __stdout                                 0x20000058   Data           4  usart.o(.data)
    USART_RX_STA                             0x2000005c   Data           2  usart.o(.data)
    lcddev                                   0x20000074   Data          14  lcd.o(.bss)
    USART_RX_BUF                             0x20000082   Data         200  usart.o(.bss)
    __libspace_start                         0x2000014c   Data          96  libspace.o(.bss)
    __temporary_stack_top$libspace           0x200001ac   Data           0  libspace.o(.bss)



==============================================================================

Memory Map of the image

  Image Entry point : 0x08000131

  Load Region LR_IROM1 (Base: 0x08000000, Size: 0x0000b374, Max: 0x00040000, ABSOLUTE)

    Execution Region ER_IROM1 (Exec base: 0x08000000, Load base: 0x08000000, Size: 0x0000b300, Max: 0x00040000, ABSOLUTE)

    Exec Addr    Load Addr    Size         Type   Attr      Idx    E Section Name        Object

    0x08000000   0x08000000   0x00000130   Data   RO          383    RESET               startup_stm32f10x_hd.o
    0x08000130   0x08000130   0x00000008   Code   RO          562  * !!!main             c_w.l(__main.o)
    0x08000138   0x08000138   0x00000034   Code   RO          842    !!!scatter          c_w.l(__scatter.o)
    0x0800016c   0x0800016c   0x0000001a   Code   RO          844    !!handler_copy      c_w.l(__scatter_copy.o)
    0x08000186   0x08000186   0x00000002   PAD
    0x08000188   0x08000188   0x0000001c   Code   RO          846    !!handler_zi        c_w.l(__scatter_zi.o)
    0x080001a4   0x080001a4   0x00000000   Code   RO          559    .ARM.Collect$$_printf_percent$$00000000  c_w.l(_printf_percent.o)
    0x080001a4   0x080001a4   0x00000006   Code   RO          558    .ARM.Collect$$_printf_percent$$00000009  c_w.l(_printf_d.o)
    0x080001aa   0x080001aa   0x00000006   Code   RO          557    .ARM.Collect$$_printf_percent$$0000000C  c_w.l(_printf_x.o)
    0x080001b0   0x080001b0   0x00000004   Code   RO          625    .ARM.Collect$$_printf_percent$$00000017  c_w.l(_printf_percent_end.o)
    0x080001b4   0x080001b4   0x00000002   Code   RO          713    .ARM.Collect$$libinit$$00000000  c_w.l(libinit.o)
    0x080001b6   0x080001b6   0x00000000   Code   RO          719    .ARM.Collect$$libinit$$00000002  c_w.l(libinit2.o)
    0x080001b6   0x080001b6   0x00000000   Code   RO          721    .ARM.Collect$$libinit$$00000004  c_w.l(libinit2.o)
    0x080001b6   0x080001b6   0x00000000   Code   RO          724    .ARM.Collect$$libinit$$0000000A  c_w.l(libinit2.o)
    0x080001b6   0x080001b6   0x00000000   Code   RO          726    .ARM.Collect$$libinit$$0000000C  c_w.l(libinit2.o)
    0x080001b6   0x080001b6   0x00000000   Code   RO          728    .ARM.Collect$$libinit$$0000000E  c_w.l(libinit2.o)
    0x080001b6   0x080001b6   0x00000000   Code   RO          731    .ARM.Collect$$libinit$$00000011  c_w.l(libinit2.o)
    0x080001b6   0x080001b6   0x00000000   Code   RO          733    .ARM.Collect$$libinit$$00000013  c_w.l(libinit2.o)
    0x080001b6   0x080001b6   0x00000000   Code   RO          735    .ARM.Collect$$libinit$$00000015  c_w.l(libinit2.o)
    0x080001b6   0x080001b6   0x00000000   Code   RO          737    .ARM.Collect$$libinit$$00000017  c_w.l(libinit2.o)
    0x080001b6   0x080001b6   0x00000000   Code   RO          739    .ARM.Collect$$libinit$$00000019  c_w.l(libinit2.o)
    0x080001b6   0x080001b6   0x00000000   Code   RO          741    .ARM.Collect$$libinit$$0000001B  c_w.l(libinit2.o)
    0x080001b6   0x080001b6   0x00000000   Code   RO          743    .ARM.Collect$$libinit$$0000001D  c_w.l(libinit2.o)
    0x080001b6   0x080001b6   0x00000000   Code   RO          745    .ARM.Collect$$libinit$$0000001F  c_w.l(libinit2.o)
    0x080001b6   0x080001b6   0x00000000   Code   RO          747    .ARM.Collect$$libinit$$00000021  c_w.l(libinit2.o)
    0x080001b6   0x080001b6   0x00000000   Code   RO          749    .ARM.Collect$$libinit$$00000023  c_w.l(libinit2.o)
    0x080001b6   0x080001b6   0x00000000   Code   RO          751    .ARM.Collect$$libinit$$00000025  c_w.l(libinit2.o)
    0x080001b6   0x080001b6   0x00000000   Code   RO          755    .ARM.Collect$$libinit$$0000002C  c_w.l(libinit2.o)
    0x080001b6   0x080001b6   0x00000000   Code   RO          757    .ARM.Collect$$libinit$$0000002E  c_w.l(libinit2.o)
    0x080001b6   0x080001b6   0x00000000   Code   RO          759    .ARM.Collect$$libinit$$00000030  c_w.l(libinit2.o)
    0x080001b6   0x080001b6   0x00000000   Code   RO          761    .ARM.Collect$$libinit$$00000032  c_w.l(libinit2.o)
    0x080001b6   0x080001b6   0x00000002   Code   RO          762    .ARM.Collect$$libinit$$00000033  c_w.l(libinit2.o)
    0x080001b8   0x080001b8   0x00000002   Code   RO          784    .ARM.Collect$$libshutdown$$00000000  c_w.l(libshutdown.o)
    0x080001ba   0x080001ba   0x00000000   Code   RO          794    .ARM.Collect$$libshutdown$$00000002  c_w.l(libshutdown2.o)
    0x080001ba   0x080001ba   0x00000000   Code   RO          796    .ARM.Collect$$libshutdown$$00000004  c_w.l(libshutdown2.o)
    0x080001ba   0x080001ba   0x00000000   Code   RO          799    .ARM.Collect$$libshutdown$$00000007  c_w.l(libshutdown2.o)
    0x080001ba   0x080001ba   0x00000000   Code   RO          802    .ARM.Collect$$libshutdown$$0000000A  c_w.l(libshutdown2.o)
    0x080001ba   0x080001ba   0x00000000   Code   RO          804    .ARM.Collect$$libshutdown$$0000000C  c_w.l(libshutdown2.o)
    0x080001ba   0x080001ba   0x00000000   Code   RO          807    .ARM.Collect$$libshutdown$$0000000F  c_w.l(libshutdown2.o)
    0x080001ba   0x080001ba   0x00000002   Code   RO          808    .ARM.Collect$$libshutdown$$00000010  c_w.l(libshutdown2.o)
    0x080001bc   0x080001bc   0x00000000   Code   RO          614    .ARM.Collect$$rtentry$$00000000  c_w.l(__rtentry.o)
    0x080001bc   0x080001bc   0x00000000   Code   RO          664    .ARM.Collect$$rtentry$$00000002  c_w.l(__rtentry2.o)
    0x080001bc   0x080001bc   0x00000006   Code   RO          676    .ARM.Collect$$rtentry$$00000004  c_w.l(__rtentry4.o)
    0x080001c2   0x080001c2   0x00000000   Code   RO          666    .ARM.Collect$$rtentry$$00000009  c_w.l(__rtentry2.o)
    0x080001c2   0x080001c2   0x00000004   Code   RO          667    .ARM.Collect$$rtentry$$0000000A  c_w.l(__rtentry2.o)
    0x080001c6   0x080001c6   0x00000000   Code   RO          669    .ARM.Collect$$rtentry$$0000000C  c_w.l(__rtentry2.o)
    0x080001c6   0x080001c6   0x00000008   Code   RO          670    .ARM.Collect$$rtentry$$0000000D  c_w.l(__rtentry2.o)
    0x080001ce   0x080001ce   0x00000002   Code   RO          716    .ARM.Collect$$rtexit$$00000000  c_w.l(rtexit.o)
    0x080001d0   0x080001d0   0x00000000   Code   RO          766    .ARM.Collect$$rtexit$$00000002  c_w.l(rtexit2.o)
    0x080001d0   0x080001d0   0x00000004   Code   RO          767    .ARM.Collect$$rtexit$$00000003  c_w.l(rtexit2.o)
    0x080001d4   0x080001d4   0x00000006   Code   RO          768    .ARM.Collect$$rtexit$$00000004  c_w.l(rtexit2.o)
    0x080001da   0x080001da   0x00000002   PAD
    0x080001dc   0x080001dc   0x00000188   Code   RO            1    .text               main.o
    0x08000364   0x08000364   0x0000001a   Code   RO          135    .text               stm32f10x_it.o
    0x0800037e   0x0800037e   0x00000002   PAD
    0x08000380   0x08000380   0x000001e0   Code   RO          176    .text               system_stm32f10x.o
    0x08000560   0x08000560   0x00000050   Code   RO          194    .text               led.o
    0x080005b0   0x080005b0   0x00005846   Code   RO          206    .text               lcd.o
    0x08005df6   0x08005df6   0x00000002   PAD
    0x08005df8   0x08005df8   0x000000fc   Code   RO          236    .text               key.o
    0x08005ef4   0x08005ef4   0x00000690   Code   RO          249    .text               timer.o
    0x08006584   0x08006584   0x00000180   Code   RO          272    .text               exti.o
    0x08006704   0x08006704   0x000000d4   Code   RO          317    .text               delay.o
    0x080067d8   0x080067d8   0x00000140   Code   RO          348    .text               usart.o
    0x08006918   0x08006918   0x00000040   Code   RO          384    .text               startup_stm32f10x_hd.o
    0x08006958   0x08006958   0x0000035c   Code   RO          388    .text               stm32f10x_gpio.o
    0x08006cb4   0x08006cb4   0x000003a4   Code   RO          400    .text               stm32f10x_rcc.o
    0x08007058   0x08007058   0x00000408   Code   RO          414    .text               stm32f10x_usart.o
    0x08007460   0x08007460   0x000000dc   Code   RO          426    .text               misc.o
    0x0800753c   0x0800753c   0x0000011c   Code   RO          438    .text               stm32f10x_exti.o
    0x08007658   0x08007658   0x00000e1a   Code   RO          450    .text               stm32f10x_tim.o
    0x08008472   0x08008472   0x00000002   Code   RO          500    .text               c_w.l(use_no_semi_2.o)
    0x08008474   0x08008474   0x00000018   Code   RO          506    .text               c_w.l(noretval__2printf.o)
    0x0800848c   0x0800848c   0x00000028   Code   RO          508    .text               c_w.l(noretval__2sprintf.o)
    0x080084b4   0x080084b4   0x0000004e   Code   RO          512    .text               c_w.l(_printf_pad.o)
    0x08008502   0x08008502   0x00000002   PAD
    0x08008504   0x08008504   0x00000078   Code   RO          514    .text               c_w.l(_printf_dec.o)
    0x0800857c   0x0800857c   0x00000058   Code   RO          519    .text               c_w.l(_printf_hex_int.o)
    0x080085d4   0x080085d4   0x00000138   Code   RO          549    .text               c_w.l(__printf_flags_wp.o)
    0x0800870c   0x0800870c   0x00000006   Code   RO          560    .text               c_w.l(heapauxi.o)
    0x08008712   0x08008712   0x00000002   Code   RO          612    .text               c_w.l(use_no_semi.o)
    0x08008714   0x08008714   0x00000016   Code   RO          615    .text               c_w.l(_rserrno.o)
    0x0800872a   0x0800872a   0x000000b2   Code   RO          617    .text               c_w.l(_printf_intcommon.o)
    0x080087dc   0x080087dc   0x00000030   Code   RO          619    .text               c_w.l(_printf_char_common.o)
    0x0800880c   0x0800880c   0x0000000a   Code   RO          621    .text               c_w.l(_sputc.o)
    0x08008816   0x08008816   0x00000002   PAD
    0x08008818   0x08008818   0x00000024   Code   RO          623    .text               c_w.l(_printf_char_file.o)
    0x0800883c   0x0800883c   0x00000008   Code   RO          681    .text               c_w.l(rt_errno_addr_intlibspace.o)
    0x08008844   0x08008844   0x00000008   Code   RO          685    .text               c_w.l(ferror.o)
    0x0800884c   0x0800884c   0x00000008   Code   RO          701    .text               c_w.l(libspace.o)
    0x08008854   0x08008854   0x0000004a   Code   RO          704    .text               c_w.l(sys_stackheap_outer.o)
    0x0800889e   0x0800889e   0x00000012   Code   RO          706    .text               c_w.l(exit.o)
    0x080088b0   0x080088b0   0x00000028   Code   RO          697    i.__ARM_fpclassify  m_ws.l(fpclassify.o)
    0x080088d8   0x080088d8   0x00000388   Code   RO          652    i.__ieee754_rem_pio2  m_ws.l(rred.o)
    0x08008c60   0x08008c60   0x000000fc   Code   RO          635    i.__kernel_cos      m_ws.l(cos_i.o)
    0x08008d5c   0x08008d5c   0x000000aa   Code   RO          699    i.__kernel_poly     m_ws.l(poly.o)
    0x08008e06   0x08008e06   0x00000002   PAD
    0x08008e08   0x08008e08   0x000000ec   Code   RO          657    i.__kernel_sin      m_ws.l(sin_i.o)
    0x08008ef4   0x08008ef4   0x00000006   Code   RO          639    i.__mathlib_dbl_infnan  m_ws.l(dunder.o)
    0x08008efa   0x08008efa   0x0000000c   Code   RO          641    i.__mathlib_dbl_invalid  m_ws.l(dunder.o)
    0x08008f06   0x08008f06   0x00000002   PAD
    0x08008f08   0x08008f08   0x00000010   Code   RO          644    i.__mathlib_dbl_underflow  m_ws.l(dunder.o)
    0x08008f18   0x08008f18   0x0000000e   Code   RO          547    i._is_digit         c_w.l(__printf_wp.o)
    0x08008f26   0x08008f26   0x00000002   PAD
    0x08008f28   0x08008f28   0x000000a0   Code   RO          605    i.sin               m_ws.l(sin.o)
    0x08008fc8   0x08008fc8   0x00000150   Code   RO          689    x$fpl$dadd          fz_ws.l(daddsub_clz.o)
    0x08009118   0x08009118   0x00000010   Code   RO          714    x$fpl$dcheck1       fz_ws.l(dcheck1.o)
    0x08009128   0x08009128   0x000002b0   Code   RO          567    x$fpl$ddiv          fz_ws.l(ddiv.o)
    0x080093d8   0x080093d8   0x0000005e   Code   RO          570    x$fpl$dfix          fz_ws.l(dfix.o)
    0x08009436   0x08009436   0x00000002   PAD
    0x08009438   0x08009438   0x0000005a   Code   RO          574    x$fpl$dfixu         fz_ws.l(dfixu.o)
    0x08009492   0x08009492   0x0000002e   Code   RO          579    x$fpl$dflt          fz_ws.l(dflt_clz.o)
    0x080094c0   0x080094c0   0x00000026   Code   RO          578    x$fpl$dfltu         fz_ws.l(dflt_clz.o)
    0x080094e6   0x080094e6   0x00000002   PAD
    0x080094e8   0x080094e8   0x00000154   Code   RO          584    x$fpl$dmul          fz_ws.l(dmul.o)
    0x0800963c   0x0800963c   0x0000009c   Code   RO          626    x$fpl$dnaninf       fz_ws.l(dnaninf.o)
    0x080096d8   0x080096d8   0x0000000c   Code   RO          628    x$fpl$dretinf       fz_ws.l(dretinf.o)
    0x080096e4   0x080096e4   0x00000016   Code   RO          690    x$fpl$drsb          fz_ws.l(daddsub_clz.o)
    0x080096fa   0x080096fa   0x00000002   PAD
    0x080096fc   0x080096fc   0x000001d4   Code   RO          691    x$fpl$dsub          fz_ws.l(daddsub_clz.o)
    0x080098d0   0x080098d0   0x00000064   Code   RO          763    x$fpl$retnan        fz_ws.l(retnan.o)
    0x08009934   0x08009934   0x0000005c   Code   RO          695    x$fpl$scalbn        fz_ws.l(scalbn.o)
    0x08009990   0x08009990   0x00000030   Code   RO          776    x$fpl$trapveneer    fz_ws.l(trapv.o)
    0x080099c0   0x080099c0   0x00000000   Code   RO          634    x$fpl$usenofp       fz_ws.l(usenofp.o)
    0x080099c0   0x080099c0   0x000017c0   Data   RO          208    .constdata          lcd.o
    0x0800b180   0x0800b180   0x00000028   Data   RO          520    .constdata          c_w.l(_printf_hex_int.o)
    0x0800b1a8   0x0800b1a8   0x00000011   Data   RO          550    .constdata          c_w.l(__printf_flags_wp.o)
    0x0800b1b9   0x0800b1b9   0x00000007   PAD
    0x0800b1c0   0x0800b1c0   0x00000030   Data   RO          636    .constdata          m_ws.l(cos_i.o)
    0x0800b1f0   0x0800b1f0   0x000000c8   Data   RO          654    .constdata          m_ws.l(rred.o)
    0x0800b2b8   0x0800b2b8   0x00000028   Data   RO          658    .constdata          m_ws.l(sin_i.o)
    0x0800b2e0   0x0800b2e0   0x00000020   Data   RO          840    Region$$Table       anon$$obj.o


    Execution Region RW_IRAM1 (Exec base: 0x20000000, Load base: 0x0800b300, Size: 0x000007b0, Max: 0x0000c000, ABSOLUTE)

    Exec Addr    Load Addr    Size         Type   Attr      Idx    E Section Name        Object

    0x20000000   0x0800b300   0x00000004   Data   RW            2    .data               main.o
    0x20000004   0x0800b304   0x00000014   Data   RW          177    .data               system_stm32f10x.o
    0x20000018   0x0800b318   0x00000004   Data   RW          209    .data               lcd.o
    0x2000001c   0x0800b31c   0x00000001   Data   RW          237    .data               key.o
    0x2000001d   0x0800b31d   0x00000003   PAD
    0x20000020   0x0800b320   0x00000034   Data   RW          250    .data               timer.o
    0x20000054   0x0800b354   0x00000004   Data   RW          318    .data               delay.o
    0x20000058   0x0800b358   0x00000006   Data   RW          350    .data               usart.o
    0x2000005e   0x0800b35e   0x00000014   Data   RW          401    .data               stm32f10x_rcc.o
    0x20000072   0x0800b372   0x00000002   PAD
    0x20000074        -       0x0000000e   Zero   RW          207    .bss                lcd.o
    0x20000082        -       0x000000c8   Zero   RW          349    .bss                usart.o
    0x2000014a   0x0800b372   0x00000002   PAD
    0x2000014c        -       0x00000060   Zero   RW          702    .bss                c_w.l(libspace.o)
    0x200001ac   0x0800b372   0x00000004   PAD
    0x200001b0        -       0x00000200   Zero   RW          382    HEAP                startup_stm32f10x_hd.o
    0x200003b0        -       0x00000400   Zero   RW          381    STACK               startup_stm32f10x_hd.o


==============================================================================

Image component sizes


      Code (inc. data)   RO Data    RW Data    ZI Data      Debug   Object Name

       212         18          0          4          0        995   delay.o
       384         22          0          0          0       1058   exti.o
       252         16          0          1          0        812   key.o
     22598        208       6080          4         14      24891   lcd.o
        80          8          0          0          0        471   led.o
       392         70          0          4          0     255823   main.o
       220         22          0          0          0       1753   misc.o
        64         26        304          0       1536        776   startup_stm32f10x_hd.o
       284         10          0          0          0       2207   stm32f10x_exti.o
       860         38          0          0          0       5685   stm32f10x_gpio.o
        26          0          0          0          0       1154   stm32f10x_it.o
       932         36          0         20          0       8836   stm32f10x_rcc.o
      3610         88          0          0          0      22792   stm32f10x_tim.o
      1032         22          0          0          0       8408   stm32f10x_usart.o
         0          0          0          0          0         32   sys.o
       480         38          0         20          0       1667   system_stm32f10x.o
      1680        116          0         52          0       3264   timer.o
       320         16          0          6        200       3098   usart.o

    ----------------------------------------------------------------------
     33430        754       6416        116       1752     343722   Object Totals
         0          0         32          0          0          0   (incl. Generated)
         4          0          0          5          2          0   (incl. Padding)

    ----------------------------------------------------------------------

      Code (inc. data)   RO Data    RW Data    ZI Data      Debug   Library Member Name

         8          0          0          0          0         68   __main.o
       312          4         17          0          0         92   __printf_flags_wp.o
        14          0          0          0          0         68   __printf_wp.o
         0          0          0          0          0          0   __rtentry.o
        12          0          0          0          0          0   __rtentry2.o
         6          0          0          0          0          0   __rtentry4.o
        52          8          0          0          0          0   __scatter.o
        26          0          0          0          0          0   __scatter_copy.o
        28          0          0          0          0          0   __scatter_zi.o
        48          6          0          0          0         96   _printf_char_common.o
        36          4          0          0          0         80   _printf_char_file.o
         6          0          0          0          0          0   _printf_d.o
       120         16          0          0          0         92   _printf_dec.o
        88          4         40          0          0         88   _printf_hex_int.o
       178          0          0          0          0         88   _printf_intcommon.o
        78          0          0          0          0        108   _printf_pad.o
         0          0          0          0          0          0   _printf_percent.o
         4          0          0          0          0          0   _printf_percent_end.o
         6          0          0          0          0          0   _printf_x.o
        22          0          0          0          0        100   _rserrno.o
        10          0          0          0          0         68   _sputc.o
        18          0          0          0          0         80   exit.o
         8          0          0          0          0         68   ferror.o
         6          0          0          0          0        152   heapauxi.o
         2          0          0          0          0          0   libinit.o
         2          0          0          0          0          0   libinit2.o
         2          0          0          0          0          0   libshutdown.o
         2          0          0          0          0          0   libshutdown2.o
         8          4          0          0         96         68   libspace.o
        24          4          0          0          0         84   noretval__2printf.o
        40          6          0          0          0         84   noretval__2sprintf.o
         8          4          0          0          0         68   rt_errno_addr_intlibspace.o
         2          0          0          0          0          0   rtexit.o
        10          0          0          0          0          0   rtexit2.o
        74          0          0          0          0         80   sys_stackheap_outer.o
         2          0          0          0          0         68   use_no_semi.o
         2          0          0          0          0         68   use_no_semi_2.o
       826         16          0          0          0        348   daddsub_clz.o
        16          4          0          0          0         68   dcheck1.o
       688        140          0          0          0        208   ddiv.o
        94          4          0          0          0         92   dfix.o
        90          4          0          0          0         92   dfixu.o
        84          0          0          0          0        136   dflt_clz.o
       340         12          0          0          0        104   dmul.o
       156          4          0          0          0         92   dnaninf.o
        12          0          0          0          0         68   dretinf.o
       100          0          0          0          0         68   retnan.o
        92          0          0          0          0         68   scalbn.o
        48          0          0          0          0         68   trapv.o
         0          0          0          0          0          0   usenofp.o
       252         22         48          0          0        124   cos_i.o
        34          6          0          0          0        204   dunder.o
        40          0          0          0          0         68   fpclassify.o
       170          0          0          0          0         96   poly.o
       904         76        200          0          0        140   rred.o
       160         10          0          0          0        108   sin.o
       236         12         40          0          0        128   sin_i.o

    ----------------------------------------------------------------------
      5626        370        352          0        100       4048   Library Totals
        20          0          7          0          4          0   (incl. Padding)

    ----------------------------------------------------------------------

      Code (inc. data)   RO Data    RW Data    ZI Data      Debug   Library Name

      1264         60         57          0         96       1768   c_w.l
      2546        184          0          0          0       1412   fz_ws.l
      1796        126        288          0          0        868   m_ws.l

    ----------------------------------------------------------------------
      5626        370        352          0        100       4048   Library Totals

    ----------------------------------------------------------------------

==============================================================================


      Code (inc. data)   RO Data    RW Data    ZI Data      Debug   

     39056       1124       6768        116       1852     344230   Grand Totals
     39056       1124       6768        116       1852     344230   ELF Image Totals
     39056       1124       6768        116          0          0   ROM Totals

==============================================================================

    Total RO  Size (Code + RO Data)                45824 (  44.75kB)
    Total RW  Size (RW Data + ZI Data)              1968 (   1.92kB)
    Total ROM Size (Code + RO Data + RW Data)      45940 (  44.86kB)

==============================================================================

